[2026-10-03 12:49:35] Plan creado: 70 pruebas (reps=10, semilla=1, duracion=60s)
[2026-10-03 12:49:35] ==== Inicio de la campaña fase_40mhz: 70 pruebas ====
[2026-10-03 12:49:43] [1/70] dl_prague_dualpi2upf rep 3 (modo rt, intento 1)
[2026-10-03 12:51:08]    valida
[2026-10-03 12:51:35] [2/70] dl_prague_marcado rep 3 (modo rt, intento 1)
[2026-10-03 12:52:59]    valida
[2026-10-03 12:53:26] [3/70] dl_prague_sinmarcado rep 3 (modo rt, intento 1)
[2026-10-03 12:54:50]    valida
[2026-10-03 12:55:17] [4/70] dl_prague_marcado rep 4 (modo rt, intento 1)
[2026-10-03 12:56:40]    valida
[2026-10-03 12:57:07] [5/70] dl_cubic_sinmarcado rep 5 (modo rt, intento 1)
[2026-10-03 12:58:31]    valida
[2026-10-03 12:58:58] [6/70] dl_prague_marcado rep 10 (modo rt, intento 1)
[2026-10-03 13:00:21]    valida
[2026-10-03 13:00:48] [7/70] dl_cubic_sinmarcado rep 3 (modo rt, intento 1)
[2026-10-03 13:02:12]    valida
[2026-10-03 13:02:39] [8/70] dl_prague_sinmarcado rep 9 (modo rt, intento 1)
[2026-10-03 13:04:03]    valida
[2026-10-03 13:04:30] [9/70] dl_prague_sinmarcado rep 1 (modo rt, intento 1)
[2026-10-03 13:05:55]    valida
[2026-10-03 13:06:22] [10/70] dl_prague_dualpi2upf rep 4 (modo rt, intento 1)
[2026-10-03 13:07:46]    valida
[2026-10-03 13:08:13] [11/70] ul_prague rep 9 (modo rt, intento 1)
[2026-10-03 13:09:39]    valida
[2026-10-03 13:10:06] [12/70] dl_prague_sinmarcado rep 10 (modo rt, intento 1)
[2026-10-03 13:11:31]    valida
[2026-10-03 13:11:58] [13/70] dl_prague_sinmarcado rep 7 (modo rt, intento 1)
[2026-10-03 13:13:23]    valida
[2026-10-03 13:13:50] [14/70] dl_prague_marcado rep 7 (modo rt, intento 1)
[2026-10-03 13:15:14]    valida
[2026-10-03 13:15:41] [15/70] dl_cubic_marcado rep 4 (modo rt, intento 1)
[2026-10-03 13:17:04]    valida
[2026-10-03 13:17:31] [16/70] dl_cubic_marcado rep 7 (modo rt, intento 1)
[2026-10-03 13:18:55]    valida
[2026-10-03 13:19:22] [17/70] dl_cubic_sinmarcado rep 6 (modo rt, intento 1)
[2026-10-03 13:20:46]    valida
[2026-10-03 13:21:13] [18/70] dl_cubic_sinmarcado rep 4 (modo rt, intento 1)
[2026-10-03 13:22:37]    valida
[2026-10-03 13:23:04] [19/70] ul_prague rep 5 (modo rt, intento 1)
[2026-10-03 13:24:29]    valida
[2026-10-03 13:24:56] [20/70] dl_cubic_marcado rep 6 (modo rt, intento 1)
[2026-10-03 13:26:20]    valida
[2026-10-03 13:26:47] [21/70] ul_cubic rep 2 (modo rt, intento 1)
[2026-10-03 13:28:11]    valida
[2026-10-03 13:28:38] [22/70] dl_cubic_sinmarcado rep 10 (modo rt, intento 1)
[2026-10-03 13:30:02]    valida
[2026-10-03 13:30:29] [23/70] ul_prague rep 8 (modo rt, intento 1)
[2026-10-03 13:31:54]    valida
[2026-10-03 13:32:21] [24/70] dl_prague_marcado rep 6 (modo rt, intento 1)
[2026-10-03 13:33:45]    valida
[2026-10-03 13:34:12] [25/70] dl_prague_marcado rep 2 (modo rt, intento 1)
[2026-10-03 13:35:36]    valida
[2026-10-03 13:36:03] [26/70] ul_cubic rep 3 (modo rt, intento 1)
[2026-10-03 13:37:27]    valida
[2026-10-03 13:37:54] [27/70] dl_prague_sinmarcado rep 2 (modo rt, intento 1)
[2026-10-03 13:39:20]    valida
[2026-10-03 13:39:47] [28/70] dl_cubic_sinmarcado rep 8 (modo rt, intento 1)
[2026-10-03 13:41:11]    valida
[2026-10-03 13:41:38] [29/70] dl_prague_dualpi2upf rep 7 (modo rt, intento 1)
[2026-10-03 13:43:03]    valida
[2026-10-03 13:43:30] [30/70] ul_prague rep 7 (modo rt, intento 1)
[2026-10-03 13:44:55]    valida
[2026-10-03 13:45:22] [31/70] dl_cubic_marcado rep 1 (modo rt, intento 1)
[2026-10-03 13:46:46]    valida
[2026-10-03 13:47:13] [32/70] dl_prague_dualpi2upf rep 8 (modo rt, intento 1)
[2026-10-03 13:48:38]    valida
[2026-10-03 13:49:05] [33/70] dl_prague_dualpi2upf rep 6 (modo rt, intento 1)
[2026-10-03 13:50:31]    valida
[2026-10-03 13:50:58] [34/70] dl_cubic_marcado rep 10 (modo rt, intento 1)
[2026-10-03 13:52:22]    valida
[2026-10-03 13:52:49] [35/70] ul_cubic rep 6 (modo rt, intento 1)
[2026-10-03 13:54:13]    valida
[2026-10-03 13:54:40] [36/70] ul_cubic rep 10 (modo rt, intento 1)
[2026-10-03 13:56:05]    valida
[2026-10-03 13:56:32] [37/70] ul_cubic rep 5 (modo rt, intento 1)
[2026-10-03 13:57:56]    valida
[2026-10-03 13:58:23] [38/70] ul_prague rep 6 (modo rt, intento 1)
[2026-10-03 13:59:48]    valida
[2026-10-03 14:00:15] [39/70] dl_cubic_marcado rep 5 (modo rt, intento 1)
[2026-10-03 14:01:39]    valida
[2026-10-03 14:02:06] [40/70] dl_prague_dualpi2upf rep 1 (modo rt, intento 1)
[2026-10-03 14:03:31]    valida
[2026-10-03 14:03:58] [41/70] ul_prague rep 3 (modo rt, intento 1)
[2026-10-03 14:05:23]    valida
[2026-10-03 14:05:50] [42/70] ul_cubic rep 7 (modo rt, intento 1)
[2026-10-03 14:07:15]    valida
[2026-10-03 14:07:42] [43/70] dl_prague_marcado rep 1 (modo rt, intento 1)
[2026-10-03 14:09:06]    valida
[2026-10-03 14:09:33] [44/70] ul_cubic rep 9 (modo rt, intento 1)
[2026-10-03 14:10:57]    valida
[2026-10-03 14:11:24] [45/70] dl_cubic_marcado rep 8 (modo rt, intento 1)
[2026-10-03 14:12:49]    valida
[2026-10-03 14:13:16] [46/70] dl_prague_sinmarcado rep 5 (modo rt, intento 1)
[2026-10-03 14:14:41]    valida
[2026-10-03 14:15:08] [47/70] ul_prague rep 10 (modo rt, intento 1)
[2026-10-03 14:16:34]    valida
[2026-10-03 14:17:01] [48/70] dl_prague_marcado rep 9 (modo rt, intento 1)
[2026-10-03 14:18:25]    valida
[2026-10-03 14:18:52] [49/70] dl_prague_dualpi2upf rep 5 (modo rt, intento 1)
[2026-10-03 14:20:17]    valida
[2026-10-03 14:20:44] [50/70] dl_cubic_sinmarcado rep 1 (modo rt, intento 1)
[2026-10-03 14:22:09]    valida
[2026-10-03 14:22:36] [51/70] dl_prague_dualpi2upf rep 10 (modo rt, intento 1)
[2026-10-03 14:24:01]    valida
[2026-10-03 14:24:28] [52/70] dl_prague_dualpi2upf rep 9 (modo rt, intento 1)
[2026-10-03 14:25:53]    valida
[2026-10-03 14:26:20] [53/70] dl_cubic_marcado rep 9 (modo rt, intento 1)
[2026-10-03 14:27:44]    valida
[2026-10-03 14:28:11] [54/70] dl_prague_marcado rep 8 (modo rt, intento 1)
[2026-10-03 14:29:36]    valida
[2026-10-03 14:30:03] [55/70] ul_prague rep 2 (modo rt, intento 1)
[2026-10-03 14:31:29]    valida
[2026-10-03 14:31:56] [56/70] ul_cubic rep 4 (modo rt, intento 1)
[2026-10-03 14:33:20]    valida
[2026-10-03 14:33:47] [57/70] dl_cubic_sinmarcado rep 2 (modo rt, intento 1)
[2026-10-03 14:35:12]    valida
[2026-10-03 14:35:39] [58/70] dl_cubic_marcado rep 2 (modo rt, intento 1)
[2026-10-03 14:37:03]    valida
[2026-10-03 14:37:30] [59/70] dl_cubic_sinmarcado rep 7 (modo rt, intento 1)
[2026-10-03 14:38:54]    valida
[2026-10-03 14:39:21] [60/70] dl_prague_sinmarcado rep 4 (modo rt, intento 1)
[2026-10-03 14:40:48]    valida
[2026-10-03 14:41:15] [61/70] ul_cubic rep 1 (modo rt, intento 1)
[2026-10-03 14:42:40]    valida
[2026-10-03 14:43:07] [62/70] dl_prague_marcado rep 5 (modo rt, intento 1)
[2026-10-03 14:44:31]    valida
[2026-10-03 14:44:58] [63/70] dl_prague_dualpi2upf rep 2 (modo rt, intento 1)
[2026-10-03 14:46:25]    valida
[2026-10-03 14:46:52] [64/70] ul_prague rep 1 (modo rt, intento 1)
[2026-10-03 14:48:18]    valida
[2026-10-03 14:48:45] [65/70] ul_cubic rep 8 (modo rt, intento 1)
[2026-10-03 14:50:10]    valida
[2026-10-03 14:50:37] [66/70] ul_prague rep 4 (modo rt, intento 1)
[2026-10-03 14:52:03]    valida
[2026-10-03 14:52:30] [67/70] dl_prague_sinmarcado rep 6 (modo rt, intento 1)
[2026-10-03 14:53:56]    valida
[2026-10-03 14:54:23] [68/70] dl_cubic_marcado rep 3 (modo rt, intento 1)
[2026-10-03 14:55:47]    valida
[2026-10-03 14:56:14] [69/70] dl_cubic_sinmarcado rep 9 (modo rt, intento 1)
[2026-10-03 14:57:38]    valida
[2026-10-03 14:58:05] [70/70] dl_prague_sinmarcado rep 8 (modo rt, intento 1)
[2026-10-03 14:59:31]    valida
[2026-10-03 14:59:51] ==== Campaña terminada. Resumen: python3 ./resumen_campana.py /home/alumnos/campanas_oai/fase_40mhz ====
