[2026-09-26 14:24:05] Plan creado: 300 pruebas (reps=10, semilla=1, duracion=60s)
[2026-09-26 14:24:05] ==== Inicio de la campaña fase3_barrido: 300 pruebas ====
[2026-09-26 14:24:12] [1/300] ul_cubic_10_ue rep 7 (modo rt, intento 1)
[2026-09-26 14:25:22]    valida
[2026-09-26 14:25:49] [2/300] dl_cubic_10_upf rep 3 (modo rt, intento 1)
[2026-09-26 14:27:00]    valida
[2026-09-26 14:27:27] [3/300] ul_prague_1_ue rep 6 (modo rt, intento 1)
[2026-09-26 14:28:38]    valida
[2026-09-26 14:29:05] [4/300] dl_prague_2_upf rep 10 (modo rt, intento 1)
[2026-09-26 14:30:15]    valida
[2026-09-26 14:30:42] [5/300] ul_cubic_2_ue rep 2 (modo rt, intento 1)
[2026-09-26 14:31:53]    valida
[2026-09-26 14:32:20] [6/300] ul_cubic_20_upf rep 4 (modo rt, intento 1)
[2026-09-26 14:33:30]    valida
[2026-09-26 14:33:57] [7/300] dl_cubic_2_upf rep 3 (modo rt, intento 1)
[2026-09-26 14:35:08]    valida
[2026-09-26 14:35:35] [8/300] ul_cubic_2_upf rep 7 (modo rt, intento 1)
[2026-09-26 14:36:46]    valida
[2026-09-26 14:37:13] [9/300] ul_prague_20_upf rep 8 (modo rt, intento 1)
[2026-09-26 14:38:23]    valida
[2026-09-26 14:38:50] [10/300] ul_prague_10_ue rep 1 (modo rt, intento 1)
[2026-09-26 14:40:00]    valida
[2026-09-26 14:40:27] [11/300] ul_prague_20_ue rep 6 (modo rt, intento 1)
[2026-09-26 14:41:37]    valida
[2026-09-26 14:42:04] [12/300] ul_cubic_20_upf rep 9 (modo rt, intento 1)
[2026-09-26 14:43:14]    valida
[2026-09-26 14:43:41] [13/300] dl_cubic_20_upf rep 3 (modo rt, intento 1)
[2026-09-26 14:44:51]    valida
[2026-09-26 14:45:18] [14/300] ul_cubic_5_ue rep 4 (modo rt, intento 1)
[2026-09-26 14:46:28]    valida
[2026-09-26 14:46:55] [15/300] ul_cubic_5_upf rep 10 (modo rt, intento 1)
[2026-09-26 14:48:06]    valida
[2026-09-26 14:48:33] [16/300] ul_prague_20_ue rep 5 (modo rt, intento 1)
[2026-09-26 14:49:42]    valida
[2026-09-26 14:50:09] [17/300] dl_cubic_10_upf rep 8 (modo rt, intento 1)
[2026-09-26 14:51:20]    valida
[2026-09-26 14:51:47] [18/300] ul_prague_5_ue rep 5 (modo rt, intento 1)
[2026-09-26 14:52:57]    valida
[2026-09-26 14:53:24] [19/300] dl_prague_20_upf rep 3 (modo rt, intento 1)
[2026-09-26 14:54:33]    valida
[2026-09-26 14:55:01] [20/300] ul_cubic_2_ue rep 5 (modo rt, intento 1)
[2026-09-26 14:56:11]    valida
[2026-09-26 14:56:38] [21/300] dl_cubic_20_upf rep 4 (modo rt, intento 1)
[2026-09-26 14:57:48]    valida
[2026-09-26 14:58:15] [22/300] ul_cubic_20_ue rep 1 (modo rt, intento 1)
[2026-09-26 14:59:25]    valida
[2026-09-26 14:59:52] [23/300] ul_prague_20_ue rep 7 (modo rt, intento 1)
[2026-09-26 15:01:02]    valida
[2026-09-26 15:01:29] [24/300] ul_prague_1_upf rep 6 (modo rt, intento 1)
[2026-09-26 15:02:40]    valida
[2026-09-26 15:03:07] [25/300] ul_cubic_1_upf rep 1 (modo rt, intento 1)
[2026-09-26 15:04:20]    valida
[2026-09-26 15:04:47] [26/300] ul_cubic_10_upf rep 8 (modo rt, intento 1)
[2026-09-26 15:05:57]    valida
[2026-09-26 15:06:24] [27/300] dl_prague_20_upf rep 10 (modo rt, intento 1)
[2026-09-26 15:07:34]    valida
[2026-09-26 15:08:01] [28/300] dl_cubic_5_upf rep 8 (modo rt, intento 1)
[2026-09-26 15:09:12]    valida
[2026-09-26 15:09:39] [29/300] dl_prague_1_upf rep 10 (modo rt, intento 1)
[2026-09-26 15:10:50]    valida
[2026-09-26 15:11:17] [30/300] ul_cubic_20_ue rep 3 (modo rt, intento 1)
[2026-09-26 15:12:27]    valida
[2026-09-26 15:12:54] [31/300] ul_cubic_1_ue rep 7 (modo rt, intento 1)
[2026-09-26 15:14:05]    valida
[2026-09-26 15:14:32] [32/300] ul_cubic_10_upf rep 6 (modo rt, intento 1)
[2026-09-26 15:15:42]    valida
[2026-09-26 15:16:09] [33/300] ul_cubic_10_upf rep 10 (modo rt, intento 1)
[2026-09-26 15:17:19]    valida
[2026-09-26 15:17:46] [34/300] ul_cubic_5_ue rep 5 (modo rt, intento 1)
[2026-09-26 15:18:57]    valida
[2026-09-26 15:19:24] [35/300] dl_cubic_1_upf rep 1 (modo rt, intento 1)
[2026-09-26 15:20:36]    valida
[2026-09-26 15:21:03] [36/300] ul_cubic_1_upf rep 2 (modo rt, intento 1)
[2026-09-26 15:22:15]    valida
[2026-09-26 15:22:42] [37/300] dl_cubic_1_upf rep 3 (modo rt, intento 1)
[2026-09-26 15:23:53]    valida
[2026-09-26 15:24:20] [38/300] ul_prague_10_ue rep 2 (modo rt, intento 1)
[2026-09-26 15:25:31]    valida
[2026-09-26 15:25:58] [39/300] dl_prague_2_upf rep 7 (modo rt, intento 1)
[2026-09-26 15:27:08]    valida
[2026-09-26 15:27:35] [40/300] dl_cubic_5_upf rep 1 (modo rt, intento 1)
[2026-09-26 15:28:46]    valida
[2026-09-26 15:29:13] [41/300] ul_prague_20_upf rep 5 (modo rt, intento 1)
[2026-09-26 15:30:23]    valida
[2026-09-26 15:30:50] [42/300] ul_cubic_10_upf rep 5 (modo rt, intento 1)
[2026-09-26 15:32:00]    valida
[2026-09-26 15:32:28] [43/300] dl_prague_1_upf rep 3 (modo rt, intento 1)
[2026-09-26 15:33:39]    valida
[2026-09-26 15:34:06] [44/300] ul_prague_10_upf rep 4 (modo rt, intento 1)
[2026-09-26 15:35:16]    valida
[2026-09-26 15:35:43] [45/300] ul_cubic_5_upf rep 9 (modo rt, intento 1)
[2026-09-26 15:36:54]    valida
[2026-09-26 15:37:21] [46/300] ul_cubic_20_ue rep 9 (modo rt, intento 1)
[2026-09-26 15:38:31]    valida
[2026-09-26 15:38:58] [47/300] ul_prague_2_ue rep 7 (modo rt, intento 1)
[2026-09-26 15:40:09]    valida
[2026-09-26 15:40:36] [48/300] ul_prague_5_ue rep 7 (modo rt, intento 1)
[2026-09-26 15:41:46]    valida
[2026-09-26 15:42:13] [49/300] dl_prague_20_upf rep 6 (modo rt, intento 1)
[2026-09-26 15:43:23]    valida
[2026-09-26 15:43:50] [50/300] ul_prague_1_ue rep 10 (modo rt, intento 1)
[2026-09-26 15:45:01]    valida
[2026-09-26 15:45:28] [51/300] dl_prague_20_upf rep 2 (modo rt, intento 1)
[2026-09-26 15:46:38]    valida
[2026-09-26 15:47:05] [52/300] dl_cubic_2_upf rep 5 (modo rt, intento 1)
[2026-09-26 15:48:17]    valida
[2026-09-26 15:48:44] [53/300] ul_cubic_2_ue rep 7 (modo rt, intento 1)
[2026-09-26 15:49:55]    valida
[2026-09-26 15:50:22] [54/300] ul_cubic_2_upf rep 3 (modo rt, intento 1)
[2026-09-26 15:51:34]    valida
[2026-09-26 15:52:01] [55/300] dl_prague_2_upf rep 6 (modo rt, intento 1)
[2026-09-26 15:53:11]    valida
[2026-09-26 15:53:39] [56/300] ul_cubic_1_upf rep 6 (modo rt, intento 1)
[2026-09-26 15:54:49]    valida
[2026-09-26 15:55:17] [57/300] ul_cubic_5_upf rep 4 (modo rt, intento 1)
[2026-09-26 15:56:27]    valida
[2026-09-26 15:56:54] [58/300] ul_cubic_20_upf rep 10 (modo rt, intento 1)
[2026-09-26 15:58:05]    valida
[2026-09-26 15:58:32] [59/300] dl_prague_2_upf rep 1 (modo rt, intento 1)
[2026-09-26 15:59:42]    valida
[2026-09-26 16:00:10] [60/300] ul_cubic_1_upf rep 7 (modo rt, intento 1)
[2026-09-26 16:01:21]    valida
[2026-09-26 16:01:48] [61/300] ul_cubic_2_upf rep 8 (modo rt, intento 1)
[2026-09-26 16:02:59]    valida
[2026-09-26 16:03:26] [62/300] dl_prague_1_upf rep 1 (modo rt, intento 1)
[2026-09-26 16:04:38]    valida
[2026-09-26 16:05:05] [63/300] ul_cubic_10_upf rep 2 (modo rt, intento 1)
[2026-09-26 16:06:16]    valida
[2026-09-26 16:06:43] [64/300] dl_prague_5_upf rep 5 (modo rt, intento 1)
[2026-09-26 16:07:53]    valida
[2026-09-26 16:08:20] [65/300] ul_prague_10_ue rep 10 (modo rt, intento 1)
[2026-09-26 16:09:30]    valida
[2026-09-26 16:09:57] [66/300] ul_prague_2_ue rep 2 (modo rt, intento 1)
[2026-09-26 16:11:08]    valida
[2026-09-26 16:11:35] [67/300] ul_prague_1_upf rep 10 (modo rt, intento 1)
[2026-09-26 16:12:47]    valida
[2026-09-26 16:13:14] [68/300] ul_prague_20_upf rep 7 (modo rt, intento 1)
[2026-09-26 16:14:24]    valida
[2026-09-26 16:14:51] [69/300] ul_prague_1_upf rep 7 (modo rt, intento 1)
[2026-09-26 16:16:02]    valida
[2026-09-26 16:16:29] [70/300] ul_cubic_10_upf rep 1 (modo rt, intento 1)
[2026-09-26 16:17:40]    valida
[2026-09-26 16:18:07] [71/300] dl_prague_1_upf rep 7 (modo rt, intento 1)
[2026-09-26 16:19:19]    valida
[2026-09-26 16:19:46] [72/300] ul_cubic_1_upf rep 9 (modo rt, intento 1)
[2026-09-26 16:20:57]    valida
[2026-09-26 16:21:24] [73/300] ul_cubic_20_upf rep 5 (modo rt, intento 1)
[2026-09-26 16:22:34]    valida
[2026-09-26 16:23:01] [74/300] ul_prague_20_ue rep 8 (modo rt, intento 1)
[2026-09-26 16:24:11]    valida
[2026-09-26 16:24:38] [75/300] ul_prague_20_ue rep 10 (modo rt, intento 1)
[2026-09-26 16:25:48]    valida
[2026-09-26 16:26:15] [76/300] dl_prague_2_upf rep 4 (modo rt, intento 1)
[2026-09-26 16:27:26]    valida
[2026-09-26 16:27:53] [77/300] ul_prague_5_ue rep 10 (modo rt, intento 1)
[2026-09-26 16:29:03]    valida
[2026-09-26 16:29:30] [78/300] dl_cubic_5_upf rep 7 (modo rt, intento 1)
[2026-09-26 16:30:41]    valida
[2026-09-26 16:31:08] [79/300] dl_cubic_5_upf rep 5 (modo rt, intento 1)
[2026-09-26 16:32:19]    valida
[2026-09-26 16:32:46] [80/300] ul_prague_2_ue rep 4 (modo rt, intento 1)
[2026-09-26 16:33:57]    valida
[2026-09-26 16:34:24] [81/300] ul_prague_2_ue rep 8 (modo rt, intento 1)
[2026-09-26 16:35:34]    valida
[2026-09-26 16:36:01] [82/300] ul_prague_2_upf rep 7 (modo rt, intento 1)
[2026-09-26 16:37:13]    valida
[2026-09-26 16:37:40] [83/300] ul_prague_2_ue rep 1 (modo rt, intento 1)
[2026-09-26 16:38:51]    valida
[2026-09-26 16:39:18] [84/300] ul_cubic_2_upf rep 10 (modo rt, intento 1)
[2026-09-26 16:40:30]    valida
[2026-09-26 16:40:57] [85/300] ul_prague_2_upf rep 10 (modo rt, intento 1)
[2026-09-26 16:42:09]    valida
[2026-09-26 16:42:36] [86/300] ul_cubic_1_ue rep 5 (modo rt, intento 1)
[2026-09-26 16:43:47]    valida
[2026-09-26 16:44:14] [87/300] ul_prague_2_upf rep 5 (modo rt, intento 1)
[2026-09-26 16:45:25]    valida
[2026-09-26 16:45:53] [88/300] ul_cubic_1_ue rep 8 (modo rt, intento 1)
[2026-09-26 16:47:04]    valida
[2026-09-26 16:47:31] [89/300] dl_cubic_10_upf rep 7 (modo rt, intento 1)
[2026-09-26 16:48:41]    valida
[2026-09-26 16:49:08] [90/300] ul_cubic_5_upf rep 3 (modo rt, intento 1)
[2026-09-26 16:50:19]    valida
[2026-09-26 16:50:46] [91/300] dl_prague_5_upf rep 10 (modo rt, intento 1)
[2026-09-26 16:51:56]    valida
[2026-09-26 16:52:23] [92/300] ul_cubic_1_ue rep 1 (modo rt, intento 1)
[2026-09-26 16:53:35]    valida
[2026-09-26 16:54:02] [93/300] ul_prague_10_ue rep 6 (modo rt, intento 1)
[2026-09-26 16:55:12]    valida
[2026-09-26 16:55:39] [94/300] ul_prague_20_upf rep 3 (modo rt, intento 1)
[2026-09-26 16:56:50]    valida
[2026-09-26 16:57:17] [95/300] ul_prague_1_upf rep 3 (modo rt, intento 1)
[2026-09-26 16:58:28]    valida
[2026-09-26 16:58:55] [96/300] ul_cubic_1_ue rep 6 (modo rt, intento 1)
[2026-09-26 17:00:06]    valida
[2026-09-26 17:00:33] [97/300] ul_prague_20_upf rep 1 (modo rt, intento 1)
[2026-09-26 17:01:43]    valida
[2026-09-26 17:02:10] [98/300] ul_prague_1_ue rep 7 (modo rt, intento 1)
[2026-09-26 17:03:22]    valida
[2026-09-26 17:03:49] [99/300] ul_prague_5_ue rep 3 (modo rt, intento 1)
[2026-09-26 17:04:59]    valida
[2026-09-26 17:05:26] [100/300] dl_cubic_5_upf rep 4 (modo rt, intento 1)
[2026-09-26 17:06:37]    valida
[2026-09-26 17:07:04] [101/300] dl_prague_10_upf rep 8 (modo rt, intento 1)
[2026-09-26 17:08:14]    valida
[2026-09-26 17:08:41] [102/300] ul_cubic_20_upf rep 7 (modo rt, intento 1)
[2026-09-26 17:09:51]    valida
[2026-09-26 17:10:19] [103/300] dl_cubic_10_upf rep 4 (modo rt, intento 1)
[2026-09-26 17:11:29]    valida
[2026-09-26 17:11:56] [104/300] ul_prague_1_ue rep 5 (modo rt, intento 1)
[2026-09-26 17:13:07]    valida
[2026-09-26 17:13:34] [105/300] dl_cubic_2_upf rep 2 (modo rt, intento 1)
[2026-09-26 17:14:45]    valida
[2026-09-26 17:15:12] [106/300] ul_cubic_1_ue rep 4 (modo rt, intento 1)
[2026-09-26 17:16:23]    valida
[2026-09-26 17:16:50] [107/300] dl_prague_10_upf rep 2 (modo rt, intento 1)
[2026-09-26 17:18:01]    valida
[2026-09-26 17:18:28] [108/300] dl_cubic_1_upf rep 10 (modo rt, intento 1)
[2026-09-26 17:19:40]    valida
[2026-09-26 17:20:07] [109/300] ul_cubic_1_upf rep 10 (modo rt, intento 1)
[2026-09-26 17:21:18]    valida
[2026-09-26 17:21:45] [110/300] dl_prague_5_upf rep 6 (modo rt, intento 1)
[2026-09-26 17:22:56]    valida
[2026-09-26 17:23:23] [111/300] dl_prague_10_upf rep 4 (modo rt, intento 1)
[2026-09-26 17:24:34]    valida
[2026-09-26 17:25:01] [112/300] ul_cubic_20_ue rep 6 (modo rt, intento 1)
[2026-09-26 17:26:11]    valida
[2026-09-26 17:26:38] [113/300] ul_prague_10_ue rep 8 (modo rt, intento 1)
[2026-09-26 17:27:48]    valida
[2026-09-26 17:28:15] [114/300] ul_prague_10_ue rep 9 (modo rt, intento 1)
[2026-09-26 17:29:25]    valida
[2026-09-26 17:29:52] [115/300] ul_prague_2_ue rep 10 (modo rt, intento 1)
[2026-09-26 17:31:03]    valida
[2026-09-26 17:31:30] [116/300] ul_cubic_10_ue rep 2 (modo rt, intento 1)
[2026-09-26 17:32:41]    valida
[2026-09-26 17:33:08] [117/300] ul_cubic_1_upf rep 8 (modo rt, intento 1)
[2026-09-26 17:34:19]    valida
[2026-09-26 17:34:46] [118/300] ul_cubic_5_upf rep 7 (modo rt, intento 1)
[2026-09-26 17:35:57]    valida
[2026-09-26 17:36:24] [119/300] ul_prague_2_ue rep 3 (modo rt, intento 1)
[2026-09-26 17:37:35]    valida
[2026-09-26 17:38:02] [120/300] ul_cubic_1_upf rep 5 (modo rt, intento 1)
[2026-09-26 17:39:14]    valida
[2026-09-26 17:39:41] [121/300] ul_cubic_10_ue rep 3 (modo rt, intento 1)
[2026-09-26 17:40:51]    valida
[2026-09-26 17:41:18] [122/300] ul_prague_5_upf rep 7 (modo rt, intento 1)
[2026-09-26 17:42:28]    valida
[2026-09-26 17:42:55] [123/300] ul_prague_5_upf rep 2 (modo rt, intento 1)
[2026-09-26 17:44:07]    valida
[2026-09-26 17:44:34] [124/300] ul_prague_2_upf rep 8 (modo rt, intento 1)
[2026-09-26 17:45:45]    valida
[2026-09-26 17:46:12] [125/300] ul_cubic_20_ue rep 8 (modo rt, intento 1)
[2026-09-26 17:47:22]    valida
[2026-09-26 17:47:49] [126/300] ul_prague_1_ue rep 1 (modo rt, intento 1)
[2026-09-26 17:49:01]    valida
[2026-09-26 17:49:28] [127/300] dl_prague_10_upf rep 7 (modo rt, intento 1)
[2026-09-26 17:50:38]    valida
[2026-09-26 17:51:05] [128/300] dl_prague_1_upf rep 8 (modo rt, intento 1)
[2026-09-26 17:52:18]    valida
[2026-09-26 17:52:45] [129/300] dl_prague_2_upf rep 5 (modo rt, intento 1)
[2026-09-26 17:53:56]    valida
[2026-09-26 17:54:23] [130/300] ul_cubic_5_upf rep 5 (modo rt, intento 1)
[2026-09-26 17:55:34]    valida
[2026-09-26 17:56:01] [131/300] dl_cubic_1_upf rep 8 (modo rt, intento 1)
[2026-09-26 17:57:13]    valida
[2026-09-26 17:57:40] [132/300] ul_prague_1_ue rep 9 (modo rt, intento 1)
[2026-09-26 17:58:51]    valida
[2026-09-26 17:59:18] [133/300] ul_cubic_5_ue rep 8 (modo rt, intento 1)
[2026-09-26 18:00:29]    valida
[2026-09-26 18:00:56] [134/300] ul_prague_2_upf rep 4 (modo rt, intento 1)
[2026-09-26 18:02:07]    valida
[2026-09-26 18:02:34] [135/300] dl_prague_2_upf rep 2 (modo rt, intento 1)
[2026-09-26 18:03:45]    valida
[2026-09-26 18:04:12] [136/300] ul_prague_20_ue rep 3 (modo rt, intento 1)
[2026-09-26 18:05:23]    valida
[2026-09-26 18:05:50] [137/300] ul_cubic_2_ue rep 6 (modo rt, intento 1)
[2026-09-26 18:07:01]    valida
[2026-09-26 18:07:28] [138/300] ul_cubic_20_upf rep 6 (modo rt, intento 1)
[2026-09-26 18:08:38]    valida
[2026-09-26 18:09:05] [139/300] ul_prague_1_ue rep 2 (modo rt, intento 1)
[2026-09-26 18:10:17]    valida
[2026-09-26 18:10:44] [140/300] dl_prague_1_upf rep 9 (modo rt, intento 1)
[2026-09-26 18:11:55]    valida
[2026-09-26 18:12:22] [141/300] ul_cubic_20_ue rep 4 (modo rt, intento 1)
[2026-09-26 18:13:33]    valida
[2026-09-26 18:14:00] [142/300] ul_prague_2_upf rep 6 (modo rt, intento 1)
[2026-09-26 18:15:11]    valida
[2026-09-26 18:15:38] [143/300] dl_cubic_5_upf rep 2 (modo rt, intento 1)
[2026-09-26 18:16:49]    valida
[2026-09-26 18:17:16] [144/300] ul_prague_1_ue rep 4 (modo rt, intento 1)
[2026-09-26 18:18:28]    valida
[2026-09-26 18:18:55] [145/300] dl_cubic_1_upf rep 7 (modo rt, intento 1)
[2026-09-26 18:20:07]    valida
[2026-09-26 18:20:34] [146/300] ul_cubic_5_ue rep 6 (modo rt, intento 1)
[2026-09-26 18:21:44]    valida
[2026-09-26 18:22:11] [147/300] dl_cubic_1_upf rep 6 (modo rt, intento 1)
[2026-09-26 18:23:23]    valida
[2026-09-26 18:23:50] [148/300] ul_prague_10_upf rep 10 (modo rt, intento 1)
[2026-09-26 18:25:00]    valida
[2026-09-26 18:25:27] [149/300] ul_prague_10_ue rep 3 (modo rt, intento 1)
[2026-09-26 18:26:38]    valida
[2026-09-26 18:27:05] [150/300] ul_cubic_5_ue rep 9 (modo rt, intento 1)
[2026-09-26 18:28:15]    valida
[2026-09-26 18:28:42] [151/300] ul_prague_2_ue rep 5 (modo rt, intento 1)
[2026-09-26 18:29:53]    valida
[2026-09-26 18:30:21] [152/300] ul_prague_10_upf rep 7 (modo rt, intento 1)
[2026-09-26 18:31:31]    valida
[2026-09-26 18:31:58] [153/300] dl_prague_5_upf rep 8 (modo rt, intento 1)
[2026-09-26 18:33:09]    valida
[2026-09-26 18:33:36] [154/300] ul_prague_1_upf rep 1 (modo rt, intento 1)
[2026-09-26 18:34:47]    valida
[2026-09-26 18:35:14] [155/300] ul_prague_10_upf rep 2 (modo rt, intento 1)
[2026-09-26 18:36:25]    valida
[2026-09-26 18:36:52] [156/300] ul_prague_20_ue rep 9 (modo rt, intento 1)
[2026-09-26 18:38:02]    valida
[2026-09-26 18:38:29] [157/300] ul_cubic_2_upf rep 2 (modo rt, intento 1)
[2026-09-26 18:39:41]    valida
[2026-09-26 18:40:08] [158/300] ul_prague_5_upf rep 5 (modo rt, intento 1)
[2026-09-26 18:41:19]    valida
[2026-09-26 18:41:46] [159/300] dl_cubic_2_upf rep 6 (modo rt, intento 1)
[2026-09-26 18:42:58]    valida
[2026-09-26 18:43:25] [160/300] ul_cubic_10_ue rep 5 (modo rt, intento 1)
[2026-09-26 18:44:35]    valida
[2026-09-26 18:45:02] [161/300] ul_prague_10_ue rep 4 (modo rt, intento 1)
[2026-09-26 18:46:13]    valida
[2026-09-26 18:46:40] [162/300] ul_prague_5_ue rep 2 (modo rt, intento 1)
[2026-09-26 18:47:51]    valida
[2026-09-26 18:48:18] [163/300] ul_prague_5_ue rep 6 (modo rt, intento 1)
[2026-09-26 18:49:28]    valida
[2026-09-26 18:49:55] [164/300] dl_cubic_20_upf rep 6 (modo rt, intento 1)
[2026-09-26 18:51:06]    valida
[2026-09-26 18:51:33] [165/300] ul_prague_5_upf rep 4 (modo rt, intento 1)
[2026-09-26 18:52:44]    valida
[2026-09-26 18:53:11] [166/300] ul_cubic_20_upf rep 2 (modo rt, intento 1)
[2026-09-26 18:54:21]    valida
[2026-09-26 18:54:48] [167/300] dl_cubic_2_upf rep 10 (modo rt, intento 1)
[2026-09-26 18:56:00]    valida
[2026-09-26 18:56:27] [168/300] dl_cubic_20_upf rep 1 (modo rt, intento 1)
[2026-09-26 18:57:37]    valida
[2026-09-26 18:58:04] [169/300] ul_prague_5_ue rep 4 (modo rt, intento 1)
[2026-09-26 18:59:15]    valida
[2026-09-26 18:59:42] [170/300] dl_prague_5_upf rep 3 (modo rt, intento 1)
[2026-09-26 19:00:53]    valida
[2026-09-26 19:01:20] [171/300] ul_cubic_1_upf rep 4 (modo rt, intento 1)
[2026-09-26 19:02:33]    valida
[2026-09-26 19:03:00] [172/300] dl_prague_20_upf rep 1 (modo rt, intento 1)
[2026-09-26 19:04:10]    valida
[2026-09-26 19:04:37] [173/300] ul_cubic_2_upf rep 9 (modo rt, intento 1)
[2026-09-26 19:05:49]    valida
[2026-09-26 19:06:16] [174/300] dl_cubic_20_upf rep 5 (modo rt, intento 1)
[2026-09-26 19:07:27]    valida
[2026-09-26 19:07:54] [175/300] ul_cubic_5_upf rep 6 (modo rt, intento 1)
[2026-09-26 19:09:05]    valida
[2026-09-26 19:09:32] [176/300] ul_prague_10_upf rep 6 (modo rt, intento 1)
[2026-09-26 19:10:43]    valida
[2026-09-26 19:11:10] [177/300] dl_cubic_5_upf rep 9 (modo rt, intento 1)
[2026-09-26 19:12:21]    valida
[2026-09-26 19:12:48] [178/300] ul_cubic_20_ue rep 10 (modo rt, intento 1)
[2026-09-26 19:13:58]    valida
[2026-09-26 19:14:25] [179/300] dl_cubic_20_upf rep 2 (modo rt, intento 1)
[2026-09-26 19:15:36]    valida
[2026-09-26 19:16:03] [180/300] ul_cubic_2_upf rep 1 (modo rt, intento 1)
[2026-09-26 19:17:15]    valida
[2026-09-26 19:17:42] [181/300] ul_prague_5_ue rep 8 (modo rt, intento 1)
[2026-09-26 19:18:52]    valida
[2026-09-26 19:19:19] [182/300] ul_prague_2_ue rep 9 (modo rt, intento 1)
[2026-09-26 19:20:30]    valida
[2026-09-26 19:20:57] [183/300] dl_prague_5_upf rep 2 (modo rt, intento 1)
[2026-09-26 19:22:08]    valida
[2026-09-26 19:22:35] [184/300] ul_cubic_10_ue rep 8 (modo rt, intento 1)
[2026-09-26 19:23:46]    valida
[2026-09-26 19:24:13] [185/300] ul_cubic_1_ue rep 10 (modo rt, intento 1)
[2026-09-26 19:25:24]    valida
[2026-09-26 19:25:52] [186/300] dl_cubic_10_upf rep 1 (modo rt, intento 1)
[2026-09-26 19:27:02]    valida
[2026-09-26 19:27:29] [187/300] dl_prague_5_upf rep 9 (modo rt, intento 1)
[2026-09-26 19:28:40]    valida
[2026-09-26 19:29:07] [188/300] dl_prague_20_upf rep 9 (modo rt, intento 1)
[2026-09-26 19:30:18]    valida
[2026-09-26 19:30:45] [189/300] ul_prague_1_upf rep 4 (modo rt, intento 1)
[2026-09-26 19:31:56]    valida
[2026-09-26 19:32:23] [190/300] ul_cubic_1_ue rep 9 (modo rt, intento 1)
[2026-09-26 19:33:35]    valida
[2026-09-26 19:34:02] [191/300] ul_prague_20_upf rep 9 (modo rt, intento 1)
[2026-09-26 19:35:13]    valida
[2026-09-26 19:35:40] [192/300] dl_prague_10_upf rep 3 (modo rt, intento 1)
[2026-09-26 19:36:50]    valida
[2026-09-26 19:37:17] [193/300] dl_cubic_1_upf rep 4 (modo rt, intento 1)
[2026-09-26 19:38:30]    valida
[2026-09-26 19:38:57] [194/300] dl_cubic_5_upf rep 6 (modo rt, intento 1)
[2026-09-26 19:40:08]    valida
[2026-09-26 19:40:35] [195/300] ul_prague_10_ue rep 7 (modo rt, intento 1)
[2026-09-26 19:41:45]    valida
[2026-09-26 19:42:13] [196/300] ul_prague_20_ue rep 2 (modo rt, intento 1)
[2026-09-26 19:43:23]    valida
[2026-09-26 19:43:50] [197/300] dl_prague_20_upf rep 7 (modo rt, intento 1)
[2026-09-26 19:45:01]    valida
[2026-09-26 19:45:28] [198/300] ul_cubic_5_upf rep 8 (modo rt, intento 1)
[2026-09-26 19:46:39]    valida
[2026-09-26 19:47:06] [199/300] ul_prague_10_upf rep 1 (modo rt, intento 1)
[2026-09-26 19:48:17]    valida
[2026-09-26 19:48:44] [200/300] dl_prague_2_upf rep 9 (modo rt, intento 1)
[2026-09-26 19:49:55]    valida
[2026-09-26 19:50:22] [201/300] ul_prague_20_ue rep 1 (modo rt, intento 1)
[2026-09-26 19:51:33]    valida
[2026-09-26 19:52:00] [202/300] ul_prague_5_upf rep 1 (modo rt, intento 1)
[2026-09-26 19:53:10]    valida
[2026-09-26 19:53:37] [203/300] ul_prague_1_upf rep 8 (modo rt, intento 1)
[2026-09-26 19:54:50]    valida
[2026-09-26 19:55:17] [204/300] ul_prague_10_upf rep 8 (modo rt, intento 1)
[2026-09-26 19:56:28]    valida
[2026-09-26 19:56:55] [205/300] ul_prague_5_upf rep 6 (modo rt, intento 1)
[2026-09-26 19:58:07]    valida
[2026-09-26 19:58:34] [206/300] ul_cubic_2_upf rep 5 (modo rt, intento 1)
[2026-09-26 19:59:46]    valida
[2026-09-26 20:00:13] [207/300] ul_prague_20_upf rep 4 (modo rt, intento 1)
[2026-09-26 20:01:24]    valida
[2026-09-26 20:01:51] [208/300] dl_prague_5_upf rep 4 (modo rt, intento 1)
[2026-09-26 20:03:02]    valida
[2026-09-26 20:03:29] [209/300] dl_cubic_1_upf rep 2 (modo rt, intento 1)
[2026-09-26 20:04:41]    valida
[2026-09-26 20:05:08] [210/300] dl_cubic_20_upf rep 7 (modo rt, intento 1)
[2026-09-26 20:06:19]    valida
[2026-09-26 20:06:46] [211/300] ul_prague_1_ue rep 8 (modo rt, intento 1)
[2026-09-26 20:07:57]    valida
[2026-09-26 20:08:24] [212/300] ul_cubic_20_ue rep 7 (modo rt, intento 1)
[2026-09-26 20:09:34]    valida
[2026-09-26 20:10:01] [213/300] dl_cubic_5_upf rep 10 (modo rt, intento 1)
[2026-09-26 20:11:13]    valida
[2026-09-26 20:11:40] [214/300] ul_prague_20_ue rep 4 (modo rt, intento 1)
[2026-09-26 20:12:50]    valida
[2026-09-26 20:13:17] [215/300] ul_prague_1_ue rep 3 (modo rt, intento 1)
[2026-09-26 20:14:29]    valida
[2026-09-26 20:14:56] [216/300] dl_prague_20_upf rep 8 (modo rt, intento 1)
[2026-09-26 20:16:07]    valida
[2026-09-26 20:16:34] [217/300] ul_prague_10_upf rep 9 (modo rt, intento 1)
[2026-09-26 20:17:45]    valida
[2026-09-26 20:18:12] [218/300] ul_cubic_5_ue rep 3 (modo rt, intento 1)
[2026-09-26 20:19:23]    valida
[2026-09-26 20:19:50] [219/300] dl_prague_10_upf rep 9 (modo rt, intento 1)
[2026-09-26 20:21:00]    valida
[2026-09-26 20:21:27] [220/300] ul_cubic_5_ue rep 10 (modo rt, intento 1)
[2026-09-26 20:22:38]    valida
[2026-09-26 20:23:05] [221/300] ul_prague_5_ue rep 1 (modo rt, intento 1)
[2026-09-26 20:24:16]    valida
[2026-09-26 20:24:43] [222/300] ul_cubic_2_upf rep 4 (modo rt, intento 1)
[2026-09-26 20:25:55]    valida
[2026-09-26 20:26:22] [223/300] dl_cubic_1_upf rep 5 (modo rt, intento 1)
[2026-09-26 20:27:34]    valida
[2026-09-26 20:28:01] [224/300] ul_cubic_5_ue rep 1 (modo rt, intento 1)
[2026-09-26 20:29:12]    valida
[2026-09-26 20:29:39] [225/300] dl_cubic_2_upf rep 7 (modo rt, intento 1)
[2026-09-26 20:30:50]    valida
[2026-09-26 20:31:17] [226/300] dl_cubic_2_upf rep 4 (modo rt, intento 1)
[2026-09-26 20:32:29]    valida
[2026-09-26 20:32:56] [227/300] ul_prague_10_ue rep 5 (modo rt, intento 1)
[2026-09-26 20:34:06]    valida
[2026-09-26 20:34:33] [228/300] dl_prague_20_upf rep 5 (modo rt, intento 1)
[2026-09-26 20:35:44]    valida
[2026-09-26 20:36:11] [229/300] ul_prague_2_upf rep 3 (modo rt, intento 1)
[2026-09-26 20:37:22]    valida
[2026-09-26 20:37:49] [230/300] ul_prague_5_upf rep 3 (modo rt, intento 1)
[2026-09-26 20:39:01]    valida
[2026-09-26 20:39:28] [231/300] ul_prague_1_upf rep 9 (modo rt, intento 1)
[2026-09-26 20:40:40]    valida
[2026-09-26 20:41:07] [232/300] ul_cubic_10_upf rep 9 (modo rt, intento 1)
[2026-09-26 20:42:18]    valida
[2026-09-26 20:42:45] [233/300] ul_cubic_10_ue rep 9 (modo rt, intento 1)
[2026-09-26 20:43:55]    valida
[2026-09-26 20:44:22] [234/300] dl_cubic_2_upf rep 1 (modo rt, intento 1)
[2026-09-26 20:45:34]    valida
[2026-09-26 20:46:01] [235/300] ul_prague_20_upf rep 6 (modo rt, intento 1)
[2026-09-26 20:47:12]    valida
[2026-09-26 20:47:39] [236/300] ul_cubic_20_upf rep 3 (modo rt, intento 1)
[2026-09-26 20:48:50]    valida
[2026-09-26 20:49:17] [237/300] ul_prague_5_upf rep 8 (modo rt, intento 1)
[2026-09-26 20:50:28]    valida
[2026-09-26 20:50:55] [238/300] dl_cubic_10_upf rep 6 (modo rt, intento 1)
[2026-09-26 20:52:06]    valida
[2026-09-26 20:52:33] [239/300] ul_cubic_5_upf rep 1 (modo rt, intento 1)
[2026-09-26 20:53:44]    valida
[2026-09-26 20:54:11] [240/300] dl_prague_2_upf rep 3 (modo rt, intento 1)
[2026-09-26 20:55:23]    valida
[2026-09-26 20:55:50] [241/300] dl_prague_2_upf rep 8 (modo rt, intento 1)
[2026-09-26 20:57:02]    valida
[2026-09-26 20:57:29] [242/300] dl_cubic_20_upf rep 10 (modo rt, intento 1)
[2026-09-26 20:58:40]    valida
[2026-09-26 20:59:07] [243/300] ul_cubic_5_ue rep 2 (modo rt, intento 1)
[2026-09-26 21:00:17]    valida
[2026-09-26 21:00:44] [244/300] ul_cubic_10_ue rep 4 (modo rt, intento 1)
[2026-09-26 21:01:55]    valida
[2026-09-26 21:02:22] [245/300] ul_cubic_10_upf rep 3 (modo rt, intento 1)
[2026-09-26 21:03:33]    valida
[2026-09-26 21:04:00] [246/300] ul_prague_5_upf rep 10 (modo rt, intento 1)
[2026-09-26 21:05:12]    valida
[2026-09-26 21:05:39] [247/300] dl_cubic_2_upf rep 9 (modo rt, intento 1)
[2026-09-26 21:06:50]    valida
[2026-09-26 21:07:17] [248/300] ul_cubic_10_ue rep 10 (modo rt, intento 1)
[2026-09-26 21:08:28]    valida
[2026-09-26 21:08:55] [249/300] ul_prague_5_upf rep 9 (modo rt, intento 1)
[2026-09-26 21:10:06]    valida
[2026-09-26 21:10:33] [250/300] ul_prague_10_upf rep 3 (modo rt, intento 1)
[2026-09-26 21:11:44]    valida
[2026-09-26 21:12:11] [251/300] dl_cubic_20_upf rep 9 (modo rt, intento 1)
[2026-09-26 21:13:22]    valida
[2026-09-26 21:13:49] [252/300] ul_prague_10_upf rep 5 (modo rt, intento 1)
[2026-09-26 21:15:00]    valida
[2026-09-26 21:15:27] [253/300] dl_cubic_10_upf rep 10 (modo rt, intento 1)
[2026-09-26 21:16:38]    valida
[2026-09-26 21:17:05] [254/300] ul_prague_2_ue rep 6 (modo rt, intento 1)
[2026-09-26 21:18:16]    valida
[2026-09-26 21:18:43] [255/300] dl_prague_10_upf rep 1 (modo rt, intento 1)
[2026-09-26 21:19:54]    valida
[2026-09-26 21:20:21] [256/300] ul_prague_2_upf rep 2 (modo rt, intento 1)
[2026-09-26 21:21:32]    valida
[2026-09-26 21:21:59] [257/300] ul_cubic_5_upf rep 2 (modo rt, intento 1)
[2026-09-26 21:23:10]    valida
[2026-09-26 21:23:37] [258/300] ul_cubic_2_upf rep 6 (modo rt, intento 1)
[2026-09-26 21:24:49]    valida
[2026-09-26 21:25:16] [259/300] ul_cubic_1_ue rep 2 (modo rt, intento 1)
[2026-09-26 21:26:28]    valida
[2026-09-26 21:26:55] [260/300] ul_cubic_10_upf rep 4 (modo rt, intento 1)
[2026-09-26 21:28:06]    valida
[2026-09-26 21:28:33] [261/300] ul_cubic_20_upf rep 8 (modo rt, intento 1)
[2026-09-26 21:29:44]    valida
[2026-09-26 21:30:11] [262/300] ul_prague_5_ue rep 9 (modo rt, intento 1)
[2026-09-26 21:31:21]    valida
[2026-09-26 21:31:49] [263/300] ul_cubic_10_ue rep 6 (modo rt, intento 1)
[2026-09-26 21:32:59]    valida
[2026-09-26 21:33:26] [264/300] ul_cubic_2_ue rep 3 (modo rt, intento 1)
[2026-09-26 21:34:38]    valida
[2026-09-26 21:35:05] [265/300] ul_cubic_2_ue rep 9 (modo rt, intento 1)
[2026-09-26 21:36:16]    valida
[2026-09-26 21:36:43] [266/300] ul_cubic_5_ue rep 7 (modo rt, intento 1)
[2026-09-26 21:37:54]    valida
[2026-09-26 21:38:21] [267/300] ul_cubic_2_ue rep 10 (modo rt, intento 1)
[2026-09-26 21:39:32]    valida
[2026-09-26 21:39:59] [268/300] ul_cubic_20_ue rep 5 (modo rt, intento 1)
[2026-09-26 21:41:10]    valida
[2026-09-26 21:41:37] [269/300] dl_cubic_10_upf rep 5 (modo rt, intento 1)
[2026-09-26 21:42:48]    valida
[2026-09-26 21:43:15] [270/300] ul_cubic_2_ue rep 4 (modo rt, intento 1)
[2026-09-26 21:44:26]    valida
[2026-09-26 21:44:53] [271/300] ul_cubic_20_upf rep 1 (modo rt, intento 1)
[2026-09-26 21:46:04]    valida
[2026-09-26 21:46:31] [272/300] dl_cubic_20_upf rep 8 (modo rt, intento 1)
[2026-09-26 21:47:42]    valida
[2026-09-26 21:48:09] [273/300] ul_cubic_10_upf rep 7 (modo rt, intento 1)
[2026-09-26 21:49:20]    valida
[2026-09-26 21:49:47] [274/300] ul_cubic_2_ue rep 1 (modo rt, intento 1)
[2026-09-26 21:50:58]    valida
[2026-09-26 21:51:25] [275/300] dl_prague_10_upf rep 6 (modo rt, intento 1)
[2026-09-26 21:52:36]    valida
[2026-09-26 21:53:03] [276/300] ul_prague_1_upf rep 5 (modo rt, intento 1)
[2026-09-26 21:54:16]    valida
[2026-09-26 21:54:43] [277/300] dl_prague_1_upf rep 4 (modo rt, intento 1)
[2026-09-26 21:55:55]    valida
[2026-09-26 21:56:22] [278/300] dl_prague_1_upf rep 2 (modo rt, intento 1)
[2026-09-26 21:57:33]    valida
[2026-09-26 21:58:00] [279/300] dl_prague_1_upf rep 6 (modo rt, intento 1)
[2026-09-26 21:59:13]    valida
[2026-09-26 21:59:40] [280/300] dl_cubic_5_upf rep 3 (modo rt, intento 1)
[2026-09-26 22:00:51]    valida
[2026-09-26 22:01:18] [281/300] ul_cubic_1_ue rep 3 (modo rt, intento 1)
[2026-09-26 22:02:30]    valida
[2026-09-26 22:02:57] [282/300] ul_cubic_2_ue rep 8 (modo rt, intento 1)
[2026-09-26 22:04:08]    valida
[2026-09-26 22:04:35] [283/300] dl_prague_5_upf rep 7 (modo rt, intento 1)
[2026-09-26 22:05:47]    valida
[2026-09-26 22:06:14] [284/300] dl_cubic_10_upf rep 9 (modo rt, intento 1)
[2026-09-26 22:07:25]    valida
[2026-09-26 22:07:52] [285/300] ul_prague_1_upf rep 2 (modo rt, intento 1)
[2026-09-26 22:09:03]    valida
[2026-09-26 22:09:30] [286/300] dl_cubic_10_upf rep 2 (modo rt, intento 1)
[2026-09-26 22:10:41]    valida
[2026-09-26 22:11:08] [287/300] dl_prague_10_upf rep 10 (modo rt, intento 1)
[2026-09-26 22:12:19]    valida
[2026-09-26 22:12:46] [288/300] dl_prague_1_upf rep 5 (modo rt, intento 1)
[2026-09-26 22:13:58]    valida
[2026-09-26 22:14:25] [289/300] ul_prague_20_upf rep 10 (modo rt, intento 1)
[2026-09-26 22:15:36]    valida
[2026-09-26 22:16:03] [290/300] dl_cubic_1_upf rep 9 (modo rt, intento 1)
[2026-09-26 22:17:16]    valida
[2026-09-26 22:17:43] [291/300] dl_cubic_2_upf rep 8 (modo rt, intento 1)
[2026-09-26 22:18:54]    valida
[2026-09-26 22:19:21] [292/300] dl_prague_10_upf rep 5 (modo rt, intento 1)
[2026-09-26 22:20:32]    valida
[2026-09-26 22:20:59] [293/300] ul_prague_20_upf rep 2 (modo rt, intento 1)
[2026-09-26 22:22:10]    valida
[2026-09-26 22:22:37] [294/300] ul_cubic_10_ue rep 1 (modo rt, intento 1)
[2026-09-26 22:23:48]    valida
[2026-09-26 22:24:15] [295/300] dl_prague_20_upf rep 4 (modo rt, intento 1)
[2026-09-26 22:25:26]    valida
[2026-09-26 22:25:53] [296/300] ul_prague_2_upf rep 1 (modo rt, intento 1)
[2026-09-26 22:27:04]    valida
[2026-09-26 22:27:31] [297/300] dl_prague_5_upf rep 1 (modo rt, intento 1)
[2026-09-26 22:28:42]    valida
[2026-09-26 22:29:09] [298/300] ul_cubic_1_upf rep 3 (modo rt, intento 1)
[2026-09-26 22:30:21]    valida
[2026-09-26 22:30:48] [299/300] ul_cubic_20_ue rep 2 (modo rt, intento 1)
[2026-09-26 22:31:59]    valida
[2026-09-26 22:32:26] [300/300] ul_prague_2_upf rep 9 (modo rt, intento 1)
[2026-09-26 22:33:38]    valida
[2026-09-26 22:33:58] ==== Campaña terminada. Resumen: python3 ./resumen_campana.py /home/alumnos/campanas_oai/fase3_barrido ====
