[2026-10-04 15:52:07] Plan creado: 36 pruebas (reps=3, semilla=1, duracion=60s)
[2026-10-04 15:52:07] ==== Inicio de la campaña fase_cal10b: 36 pruebas ====
[2026-10-04 15:52:15] [1/36] c10_prague_r2_u40 rep 2 (modo rt, intento 1)
[2026-10-04 15:53:58]    valida
[2026-10-04 15:54:25] [2/36] c10_prague_r4_u40 rep 2 (modo rt, intento 1)
[2026-10-04 15:56:06]    valida
[2026-10-04 15:56:33] [3/36] c10_cubic_r50 rep 3 (modo rt, intento 1)
[2026-10-04 15:58:15]    valida
[2026-10-04 15:58:42] [4/36] c10_prague_r2_u20 rep 1 (modo rt, intento 1)
[2026-10-04 16:00:24]    valida
[2026-10-04 16:00:50] [5/36] c10_prague_r4_u20 rep 2 (modo rt, intento 1)
[2026-10-04 16:02:32]    valida
[2026-10-04 16:02:59] [6/36] c10_prague_r2_u10 rep 1 (modo rt, intento 1)
[2026-10-04 16:04:41]    valida
[2026-10-04 16:05:08] [7/36] c10_prague_r4_u40 rep 3 (modo rt, intento 1)
[2026-10-04 16:06:50]    valida
[2026-10-04 16:07:17] [8/36] c10_prague_r4_u10 rep 3 (modo rt, intento 1)
[2026-10-04 16:08:58]    valida
[2026-10-04 16:09:25] [9/36] c10_prague_r2_u40 rep 1 (modo rt, intento 1)
[2026-10-04 16:11:09]    valida
[2026-10-04 16:11:36] [10/36] c10_prague_r50_u20 rep 2 (modo rt, intento 1)
[2026-10-04 16:13:18]    valida
[2026-10-04 16:13:45] [11/36] c10_prague_r50_u20 rep 3 (modo rt, intento 1)
[2026-10-04 16:15:27]    valida
[2026-10-04 16:15:54] [12/36] c10_prague_r4_u20 rep 1 (modo rt, intento 1)
[2026-10-04 16:17:36]    valida
[2026-10-04 16:18:03] [13/36] c10_prague_r50_u0 rep 3 (modo rt, intento 1)
[2026-10-04 16:19:46]    valida
[2026-10-04 16:20:13] [14/36] c10_cubic_r50 rep 2 (modo rt, intento 1)
[2026-10-04 16:21:56]    valida
[2026-10-04 16:22:23] [15/36] c10_prague_r50_u20 rep 1 (modo rt, intento 1)
[2026-10-04 16:24:05]    valida
[2026-10-04 16:24:32] [16/36] c10_prague_r2_u20 rep 3 (modo rt, intento 1)
[2026-10-04 16:26:14]    valida
[2026-10-04 16:26:41] [17/36] c10_prague_r2_u40 rep 3 (modo rt, intento 1)
[2026-10-04 16:28:24]    NO valida (pacing_invalido tarde=70.32% reanclajes=28)
[2026-10-04 16:28:44] UE/red caída antes de p017_c10_prague_r2_u40_rep03: reinicio.
[2026-10-04 16:28:44] Reiniciando la red 5G con RFSIM_REALTIME=1 ...
[2026-10-04 16:29:48] Red operativa (UE 12.1.1.130).
[2026-10-04 16:29:52] [17/36] c10_prague_r2_u40 rep 3 (modo rt, intento 2)
[2026-10-04 16:31:26]    valida
[2026-10-04 16:31:53] [18/36] c10_prague_r2_u10 rep 3 (modo rt, intento 1)
[2026-10-04 16:33:26]    valida
[2026-10-04 16:33:53] [19/36] c10_prague_r4_u40 rep 1 (modo rt, intento 1)
[2026-10-04 16:35:27]    valida
[2026-10-04 16:35:54] [20/36] c10_cubic_r4 rep 2 (modo rt, intento 1)
[2026-10-04 16:37:30]    valida
[2026-10-04 16:37:57] [21/36] c10_cubic_r2 rep 3 (modo rt, intento 1)
[2026-10-04 16:39:35]    valida
[2026-10-04 16:40:02] [22/36] c10_cubic_r50 rep 1 (modo rt, intento 1)
[2026-10-04 16:41:36]    valida
[2026-10-04 16:42:03] [23/36] c10_prague_r2_u10 rep 2 (modo rt, intento 1)
[2026-10-04 16:43:37]    valida
[2026-10-04 16:44:04] [24/36] c10_prague_r50_u0 rep 1 (modo rt, intento 1)
[2026-10-04 16:45:39]    valida
[2026-10-04 16:46:06] [25/36] c10_prague_r50_u10 rep 1 (modo rt, intento 1)
[2026-10-04 16:47:39]    valida
[2026-10-04 16:48:06] [26/36] c10_cubic_r2 rep 2 (modo rt, intento 1)
[2026-10-04 16:49:51]    valida
[2026-10-04 16:50:18] [27/36] c10_cubic_r4 rep 1 (modo rt, intento 1)
[2026-10-04 16:51:53]    valida
[2026-10-04 16:52:20] [28/36] c10_prague_r4_u20 rep 3 (modo rt, intento 1)
[2026-10-04 16:53:53]    valida
[2026-10-04 16:54:20] [29/36] c10_prague_r4_u10 rep 1 (modo rt, intento 1)
[2026-10-04 16:55:54]    valida
[2026-10-04 16:56:21] [30/36] c10_cubic_r4 rep 3 (modo rt, intento 1)
[2026-10-04 16:57:59]    valida
[2026-10-04 16:58:26] [31/36] c10_cubic_r2 rep 1 (modo rt, intento 1)
[2026-10-04 17:00:07]    valida
[2026-10-04 17:00:34] [32/36] c10_prague_r2_u20 rep 2 (modo rt, intento 1)
[2026-10-04 17:02:08]    valida
[2026-10-04 17:02:35] [33/36] c10_prague_r50_u10 rep 2 (modo rt, intento 1)
[2026-10-04 17:04:08]    valida
[2026-10-04 17:04:35] [34/36] c10_prague_r4_u10 rep 2 (modo rt, intento 1)
[2026-10-04 17:06:08]    valida
[2026-10-04 17:06:35] [35/36] c10_prague_r50_u0 rep 2 (modo rt, intento 1)
[2026-10-04 17:08:09]    valida
[2026-10-04 17:08:36] [36/36] c10_prague_r50_u10 rep 3 (modo rt, intento 1)
[2026-10-04 17:10:09]    valida
[2026-10-04 17:10:30] ==== Campaña terminada. Resumen: python3 ./resumen_campana.py /home/alumnos/campanas_oai/fase_cal10b ====
