[2026-10-05 10:16:58] Plan creado: 70 pruebas (reps=10, semilla=1, duracion=60s)
[2026-10-05 10:16:58] ==== Inicio de la campaña fase_40mhz_b: 70 pruebas ====
[2026-10-05 10:16:58] Reiniciando la red 5G con RFSIM_REALTIME=1 ...
[2026-10-05 10:18:04] Red operativa (UE 12.1.1.130).
[2026-10-05 10:18:08] [1/70] dl_prague_dualpi2upf rep 3 (modo rt, intento 1)
[2026-10-05 10:19:26]    valida
[2026-10-05 10:19:53] [2/70] dl_prague_marcado rep 3 (modo rt, intento 1)
[2026-10-05 10:21:08]    valida
[2026-10-05 10:21:35] [3/70] dl_prague_sinmarcado rep 3 (modo rt, intento 1)
[2026-10-05 10:22:52]    valida
[2026-10-05 10:23:19] [4/70] dl_prague_marcado rep 4 (modo rt, intento 1)
[2026-10-05 10:24:35]    valida
[2026-10-05 10:25:02] [5/70] dl_cubic_sinmarcado rep 5 (modo rt, intento 1)
[2026-10-05 10:26:18]    valida
[2026-10-05 10:26:45] [6/70] dl_prague_marcado rep 10 (modo rt, intento 1)
[2026-10-05 10:28:01]    valida
[2026-10-05 10:28:28] [7/70] dl_cubic_sinmarcado rep 3 (modo rt, intento 1)
[2026-10-05 10:29:43]    valida
[2026-10-05 10:30:10] [8/70] dl_prague_sinmarcado rep 9 (modo rt, intento 1)
[2026-10-05 10:31:28]    valida
[2026-10-05 10:31:55] [9/70] dl_prague_sinmarcado rep 1 (modo rt, intento 1)
[2026-10-05 10:33:11]    valida
[2026-10-05 10:33:38] [10/70] dl_prague_dualpi2upf rep 4 (modo rt, intento 1)
[2026-10-05 10:34:55]    valida
[2026-10-05 10:35:22] [11/70] ul_prague rep 9 (modo rt, intento 1)
[2026-10-05 10:36:39]    valida
[2026-10-05 10:37:06] [12/70] dl_prague_sinmarcado rep 10 (modo rt, intento 1)
[2026-10-05 10:38:24]    valida
[2026-10-05 10:38:51] [13/70] dl_prague_sinmarcado rep 7 (modo rt, intento 1)
[2026-10-05 10:40:08]    valida
[2026-10-05 10:40:35] [14/70] dl_prague_marcado rep 7 (modo rt, intento 1)
[2026-10-05 10:41:51]    valida
[2026-10-05 10:42:18] [15/70] dl_cubic_marcado rep 4 (modo rt, intento 1)
[2026-10-05 10:43:34]    valida
[2026-10-05 10:44:01] [16/70] dl_cubic_marcado rep 7 (modo rt, intento 1)
[2026-10-05 10:45:17]    valida
[2026-10-05 10:45:44] [17/70] dl_cubic_sinmarcado rep 6 (modo rt, intento 1)
[2026-10-05 10:47:00]    valida
[2026-10-05 10:47:27] [18/70] dl_cubic_sinmarcado rep 4 (modo rt, intento 1)
[2026-10-05 10:48:43]    valida
[2026-10-05 10:49:10] [19/70] ul_prague rep 5 (modo rt, intento 1)
[2026-10-05 10:50:26]    valida
[2026-10-05 10:50:53] [20/70] dl_cubic_marcado rep 6 (modo rt, intento 1)
[2026-10-05 10:52:09]    valida
[2026-10-05 10:52:36] [21/70] ul_cubic rep 2 (modo rt, intento 1)
[2026-10-05 10:53:53]    valida
[2026-10-05 10:54:20] [22/70] dl_cubic_sinmarcado rep 10 (modo rt, intento 1)
[2026-10-05 10:55:36]    valida
[2026-10-05 10:56:03] [23/70] ul_prague rep 8 (modo rt, intento 1)
[2026-10-05 10:57:21]    valida
[2026-10-05 10:57:48] [24/70] dl_prague_marcado rep 6 (modo rt, intento 1)
[2026-10-05 10:59:04]    valida
[2026-10-05 10:59:31] [25/70] dl_prague_marcado rep 2 (modo rt, intento 1)
[2026-10-05 11:00:46]    valida
[2026-10-05 11:01:13] [26/70] ul_cubic rep 3 (modo rt, intento 1)
[2026-10-05 11:02:30]    valida
[2026-10-05 11:02:57] [27/70] dl_prague_sinmarcado rep 2 (modo rt, intento 1)
[2026-10-05 11:04:14]    valida
[2026-10-05 11:04:41] [28/70] dl_cubic_sinmarcado rep 8 (modo rt, intento 1)
[2026-10-05 11:05:57]    valida
[2026-10-05 11:06:24] [29/70] dl_prague_dualpi2upf rep 7 (modo rt, intento 1)
[2026-10-05 11:07:42]    valida
[2026-10-05 11:08:09] [30/70] ul_prague rep 7 (modo rt, intento 1)
[2026-10-05 11:09:26]    valida
[2026-10-05 11:09:53] [31/70] dl_cubic_marcado rep 1 (modo rt, intento 1)
[2026-10-05 11:11:09]    valida
[2026-10-05 11:11:36] [32/70] dl_prague_dualpi2upf rep 8 (modo rt, intento 1)
[2026-10-05 11:12:54]    valida
[2026-10-05 11:13:21] [33/70] dl_prague_dualpi2upf rep 6 (modo rt, intento 1)
[2026-10-05 11:14:38]    valida
[2026-10-05 11:15:05] [34/70] dl_cubic_marcado rep 10 (modo rt, intento 1)
[2026-10-05 11:16:21]    valida
[2026-10-05 11:16:48] [35/70] ul_cubic rep 6 (modo rt, intento 1)
[2026-10-05 11:18:05]    valida
[2026-10-05 11:18:32] [36/70] ul_cubic rep 10 (modo rt, intento 1)
[2026-10-05 11:19:48]    valida
[2026-10-05 11:20:15] [37/70] ul_cubic rep 5 (modo rt, intento 1)
[2026-10-05 11:21:32]    valida
[2026-10-05 11:21:59] [38/70] ul_prague rep 6 (modo rt, intento 1)
[2026-10-05 11:23:17]    valida
[2026-10-05 11:23:44] [39/70] dl_cubic_marcado rep 5 (modo rt, intento 1)
[2026-10-05 11:25:00]    valida
[2026-10-05 11:25:27] [40/70] dl_prague_dualpi2upf rep 1 (modo rt, intento 1)
[2026-10-05 11:26:45]    valida
[2026-10-05 11:27:12] [41/70] ul_prague rep 3 (modo rt, intento 1)
[2026-10-05 11:28:29]    valida
[2026-10-05 11:28:56] [42/70] ul_cubic rep 7 (modo rt, intento 1)
[2026-10-05 11:30:13]    valida
[2026-10-05 11:30:40] [43/70] dl_prague_marcado rep 1 (modo rt, intento 1)
[2026-10-05 11:31:56]    valida
[2026-10-05 11:32:23] [44/70] ul_cubic rep 9 (modo rt, intento 1)
[2026-10-05 11:33:40]    valida
[2026-10-05 11:34:07] [45/70] dl_cubic_marcado rep 8 (modo rt, intento 1)
[2026-10-05 11:35:23]    valida
[2026-10-05 11:35:50] [46/70] dl_prague_sinmarcado rep 5 (modo rt, intento 1)
[2026-10-05 11:37:09]    valida
[2026-10-05 11:37:36] [47/70] ul_prague rep 10 (modo rt, intento 1)
[2026-10-05 11:38:52]    valida
[2026-10-05 11:39:19] [48/70] dl_prague_marcado rep 9 (modo rt, intento 1)
[2026-10-05 11:40:36]    valida
[2026-10-05 11:41:03] [49/70] dl_prague_dualpi2upf rep 5 (modo rt, intento 1)
[2026-10-05 11:42:20]    valida
[2026-10-05 11:42:47] [50/70] dl_cubic_sinmarcado rep 1 (modo rt, intento 1)
[2026-10-05 11:44:03]    valida
[2026-10-05 11:44:30] [51/70] dl_prague_dualpi2upf rep 10 (modo rt, intento 1)
[2026-10-05 11:45:48]    valida
[2026-10-05 11:46:15] [52/70] dl_prague_dualpi2upf rep 9 (modo rt, intento 1)
[2026-10-05 11:47:33]    valida
[2026-10-05 11:48:00] [53/70] dl_cubic_marcado rep 9 (modo rt, intento 1)
[2026-10-05 11:49:16]    valida
[2026-10-05 11:49:43] [54/70] dl_prague_marcado rep 8 (modo rt, intento 1)
[2026-10-05 11:51:00]    valida
[2026-10-05 11:51:27] [55/70] ul_prague rep 2 (modo rt, intento 1)
[2026-10-05 11:52:45]    valida
[2026-10-05 11:53:12] [56/70] ul_cubic rep 4 (modo rt, intento 1)
[2026-10-05 11:54:28]    valida
[2026-10-05 11:54:55] [57/70] dl_cubic_sinmarcado rep 2 (modo rt, intento 1)
[2026-10-05 11:56:12]    valida
[2026-10-05 11:56:39] [58/70] dl_cubic_marcado rep 2 (modo rt, intento 1)
[2026-10-05 11:57:55]    valida
[2026-10-05 11:58:22] [59/70] dl_cubic_sinmarcado rep 7 (modo rt, intento 1)
[2026-10-05 11:59:38]    valida
[2026-10-05 12:00:05] [60/70] dl_prague_sinmarcado rep 4 (modo rt, intento 1)
[2026-10-05 12:01:23]    valida
[2026-10-05 12:01:50] [61/70] ul_cubic rep 1 (modo rt, intento 1)
[2026-10-05 12:03:07]    valida
[2026-10-05 12:03:34] [62/70] dl_prague_marcado rep 5 (modo rt, intento 1)
[2026-10-05 12:04:50]    valida
[2026-10-05 12:05:17] [63/70] dl_prague_dualpi2upf rep 2 (modo rt, intento 1)
[2026-10-05 12:06:35]    valida
[2026-10-05 12:07:02] [64/70] ul_prague rep 1 (modo rt, intento 1)
[2026-10-05 12:08:20]    valida
[2026-10-05 12:08:47] [65/70] ul_cubic rep 8 (modo rt, intento 1)
[2026-10-05 12:10:04]    valida
[2026-10-05 12:10:31] [66/70] ul_prague rep 4 (modo rt, intento 1)
[2026-10-05 12:11:49]    valida
[2026-10-05 12:12:16] [67/70] dl_prague_sinmarcado rep 6 (modo rt, intento 1)
[2026-10-05 12:13:34]    valida
[2026-10-05 12:14:01] [68/70] dl_cubic_marcado rep 3 (modo rt, intento 1)
[2026-10-05 12:15:18]    valida
[2026-10-05 12:15:45] [69/70] dl_cubic_sinmarcado rep 9 (modo rt, intento 1)
[2026-10-05 12:17:02]    valida
[2026-10-05 12:17:29] [70/70] dl_prague_sinmarcado rep 8 (modo rt, intento 1)
[2026-10-05 12:18:47]    valida
[2026-10-05 12:19:07] ==== Campaña terminada. Resumen: python3 ./resumen_campana.py /home/alumnos/campanas_oai/fase_40mhz_b ====
