[2026-10-03 08:52:19] Plan creado: 30 pruebas (reps=5, semilla=1, duracion=60s)
[2026-10-03 08:52:19] ==== Inicio de la campaña fase_umbral: 30 pruebas ====
[2026-10-03 08:52:26] [1/30] dl_prague_u6ms rep 2 (modo rt, intento 1)
[2026-10-03 08:53:48]    valida
[2026-10-03 08:54:15] [2/30] dl_prague_u3ms rep 2 (modo rt, intento 1)
[2026-10-03 08:55:37]    valida
[2026-10-03 08:56:04] [3/30] dl_prague_u2ms rep 2 (modo rt, intento 1)
[2026-10-03 08:57:26]    valida
[2026-10-03 08:57:53] [4/30] dl_prague_u2ms rep 1 (modo rt, intento 1)
[2026-10-03 08:59:14]    valida
[2026-10-03 08:59:41] [5/30] dl_prague_u4ms rep 4 (modo rt, intento 1)
[2026-10-03 09:01:03]    valida
[2026-10-03 09:01:30] [6/30] dl_cubic_sinmarcado rep 2 (modo rt, intento 1)
[2026-10-03 09:02:51]    valida
[2026-10-03 09:03:18] [7/30] dl_prague_sinmarcado rep 1 (modo rt, intento 1)
[2026-10-03 09:04:42]    valida
[2026-10-03 09:05:09] [8/30] dl_prague_u6ms rep 5 (modo rt, intento 1)
[2026-10-03 09:06:30]    valida
[2026-10-03 09:06:57] [9/30] dl_prague_sinmarcado rep 3 (modo rt, intento 1)
[2026-10-03 09:08:20]    valida
[2026-10-03 09:08:47] [10/30] dl_prague_u4ms rep 1 (modo rt, intento 1)
[2026-10-03 09:10:09]    valida
[2026-10-03 09:10:36] [11/30] dl_prague_sinmarcado rep 5 (modo rt, intento 1)
[2026-10-03 09:11:59]    valida
[2026-10-03 09:12:26] [12/30] dl_prague_u6ms rep 4 (modo rt, intento 1)
[2026-10-03 09:13:47]    valida
[2026-10-03 09:14:14] [13/30] dl_prague_u3ms rep 3 (modo rt, intento 1)
[2026-10-03 09:15:36]    valida
[2026-10-03 09:16:03] [14/30] dl_prague_u2ms rep 4 (modo rt, intento 1)
[2026-10-03 09:17:25]    valida
[2026-10-03 09:17:52] [15/30] dl_cubic_sinmarcado rep 1 (modo rt, intento 1)
[2026-10-03 09:19:13]    valida
[2026-10-03 09:19:40] [16/30] dl_prague_u3ms rep 5 (modo rt, intento 1)
[2026-10-03 09:21:02]    valida
[2026-10-03 09:21:29] [17/30] dl_prague_u4ms rep 3 (modo rt, intento 1)
[2026-10-03 09:22:51]    valida
[2026-10-03 09:23:18] [18/30] dl_prague_sinmarcado rep 2 (modo rt, intento 1)
[2026-10-03 09:24:41]    valida
[2026-10-03 09:25:08] [19/30] dl_prague_u2ms rep 3 (modo rt, intento 1)
[2026-10-03 09:26:29]    valida
[2026-10-03 09:26:56] [20/30] dl_prague_u4ms rep 2 (modo rt, intento 1)
[2026-10-03 09:28:19]    valida
[2026-10-03 09:28:46] [21/30] dl_prague_u2ms rep 5 (modo rt, intento 1)
[2026-10-03 09:30:07]    valida
[2026-10-03 09:30:34] [22/30] dl_prague_u3ms rep 1 (modo rt, intento 1)
[2026-10-03 09:31:56]    valida
[2026-10-03 09:32:23] [23/30] dl_cubic_sinmarcado rep 4 (modo rt, intento 1)
[2026-10-03 09:33:45]    valida
[2026-10-03 09:34:12] [24/30] dl_prague_sinmarcado rep 4 (modo rt, intento 1)
[2026-10-03 09:35:36]    valida
[2026-10-03 09:36:03] [25/30] dl_cubic_sinmarcado rep 3 (modo rt, intento 1)
[2026-10-03 09:37:25]    valida
[2026-10-03 09:37:52] [26/30] dl_prague_u4ms rep 5 (modo rt, intento 1)
[2026-10-03 09:39:14]    valida
[2026-10-03 09:39:41] [27/30] dl_prague_u6ms rep 1 (modo rt, intento 1)
[2026-10-03 09:41:04]    valida
[2026-10-03 09:41:31] [28/30] dl_prague_u6ms rep 3 (modo rt, intento 1)
[2026-10-03 09:42:53]    valida
[2026-10-03 09:43:20] [29/30] dl_prague_u3ms rep 4 (modo rt, intento 1)
[2026-10-03 09:44:41]    valida
[2026-10-03 09:45:08] [30/30] dl_cubic_sinmarcado rep 5 (modo rt, intento 1)
[2026-10-03 09:46:31]    valida
[2026-10-03 09:46:51] ==== Campaña terminada. Resumen: python3 ./resumen_campana.py /home/alumnos/campanas_oai/fase_umbral ====
