[2026-10-03 15:24:22] Plan creado: 36 pruebas (reps=3, semilla=1, duracion=60s)
[2026-10-03 15:24:22] ==== Inicio de la campaña fase_cal10: 36 pruebas ====
[2026-10-03 15:24:22] Reiniciando la red 5G con RFSIM_REALTIME=1 ...
[2026-10-03 15:25:25] Red operativa (UE 12.1.1.130).
[2026-10-03 15:25:29] [1/36] c10_prague_r2_u40 rep 2 (modo rt, intento 1)
[2026-10-03 15:27:03]    NO valida (pacing_invalido tarde=15.40% reanclajes=0)
[2026-10-03 15:27:26] [1/36] c10_prague_r2_u40 rep 2 (modo rt, intento 2)
[2026-10-03 15:28:59]    NO valida (pacing_invalido tarde=15.18% reanclajes=0)
[2026-10-03 15:29:23] [1/36] c10_prague_r2_u40 rep 2 (modo rt, intento 3)
[2026-10-03 15:30:57]    NO valida (pacing_invalido tarde=16.45% reanclajes=0)
[2026-10-03 15:31:24] [2/36] c10_prague_r4_u40 rep 2 (modo rt, intento 1)
[2026-10-03 15:32:57]    NO valida (pacing_invalido tarde=17.11% reanclajes=0)
[2026-10-03 15:33:21] [2/36] c10_prague_r4_u40 rep 2 (modo rt, intento 2)
[2026-10-03 15:34:54]    NO valida (pacing_invalido tarde=17.07% reanclajes=0)
[2026-10-03 15:35:17] [2/36] c10_prague_r4_u40 rep 2 (modo rt, intento 3)
[2026-10-03 15:36:51]    NO valida (pacing_invalido tarde=15.93% reanclajes=0)
[2026-10-03 15:37:18] [3/36] c10_cubic_r50 rep 3 (modo rt, intento 1)
[2026-10-03 15:38:53]    NO valida (pacing_invalido tarde=20.08% reanclajes=0)
[2026-10-03 15:39:16] [3/36] c10_cubic_r50 rep 3 (modo rt, intento 2)
[2026-10-03 15:40:51]    NO valida (pacing_invalido tarde=20.23% reanclajes=0)
[2026-10-03 15:41:14] [3/36] c10_cubic_r50 rep 3 (modo rt, intento 3)
[2026-10-03 15:42:48]    NO valida (pacing_invalido tarde=20.44% reanclajes=0)
[2026-10-03 15:43:15] [4/36] c10_prague_r2_u20 rep 1 (modo rt, intento 1)
[2026-10-03 15:44:49]    NO valida (pacing_invalido tarde=15.63% reanclajes=0)
[2026-10-03 15:45:12] [4/36] c10_prague_r2_u20 rep 1 (modo rt, intento 2)
[2026-10-03 15:46:46]    NO valida (pacing_invalido tarde=16.30% reanclajes=0)
[2026-10-03 15:47:09] [4/36] c10_prague_r2_u20 rep 1 (modo rt, intento 3)
[2026-10-03 15:48:42]    NO valida (pacing_invalido tarde=15.88% reanclajes=0)
[2026-10-03 15:49:09] [5/36] c10_prague_r4_u20 rep 2 (modo rt, intento 1)
[2026-10-03 15:50:43]    NO valida (pacing_invalido tarde=16.28% reanclajes=0)
[2026-10-03 15:51:06] [5/36] c10_prague_r4_u20 rep 2 (modo rt, intento 2)
[2026-10-03 15:52:40]    NO valida (pacing_invalido tarde=15.23% reanclajes=0)
[2026-10-03 15:53:03] [5/36] c10_prague_r4_u20 rep 2 (modo rt, intento 3)
[2026-10-03 15:54:37]    NO valida (pacing_invalido tarde=16.54% reanclajes=0)
[2026-10-03 15:55:04] [6/36] c10_prague_r2_u10 rep 1 (modo rt, intento 1)
[2026-10-03 15:56:37]    NO valida (pacing_invalido tarde=14.74% reanclajes=0)
[2026-10-03 15:57:00] [6/36] c10_prague_r2_u10 rep 1 (modo rt, intento 2)
[2026-10-03 15:58:34]    NO valida (pacing_invalido tarde=14.97% reanclajes=0)
[2026-10-03 15:58:57] [6/36] c10_prague_r2_u10 rep 1 (modo rt, intento 3)
[2026-10-03 16:00:31]    NO valida (pacing_invalido tarde=15.71% reanclajes=1)
[2026-10-03 16:00:58] [7/36] c10_prague_r4_u40 rep 3 (modo rt, intento 1)
[2026-10-03 16:02:31]    NO valida (pacing_invalido tarde=16.14% reanclajes=0)
[2026-10-03 16:02:54] [7/36] c10_prague_r4_u40 rep 3 (modo rt, intento 2)
[2026-10-03 16:04:28]    NO valida (pacing_invalido tarde=18.18% reanclajes=2)
[2026-10-03 16:04:51] [7/36] c10_prague_r4_u40 rep 3 (modo rt, intento 3)
[2026-10-03 16:06:25]    NO valida (pacing_invalido tarde=15.91% reanclajes=0)
[2026-10-03 16:06:52] [8/36] c10_prague_r4_u10 rep 3 (modo rt, intento 1)
[2026-10-03 16:08:25]    NO valida (pacing_invalido tarde=31.53% reanclajes=3)
[2026-10-03 16:08:49] [8/36] c10_prague_r4_u10 rep 3 (modo rt, intento 2)
[2026-10-03 16:10:23]    NO valida (pacing_invalido tarde=93.83% reanclajes=110)
[2026-10-03 16:10:46] [8/36] c10_prague_r4_u10 rep 3 (modo rt, intento 3)
[2026-10-03 16:13:21]    NO valida (pacing_invalido tarde=94.51% reanclajes=272)
[2026-10-03 16:13:45] Reiniciando la red 5G con RFSIM_REALTIME=1 ...
[2026-10-03 16:14:52] Red operativa (UE 12.1.1.130).
[2026-10-03 16:14:56] [9/36] c10_prague_r2_u40 rep 1 (modo rt, intento 1)
[2026-10-03 16:16:30]    NO valida (pacing_invalido tarde=14.99% reanclajes=0)
[2026-10-03 16:16:53] [9/36] c10_prague_r2_u40 rep 1 (modo rt, intento 2)
[2026-10-03 16:18:27]    NO valida (pacing_invalido tarde=15.33% reanclajes=0)
[2026-10-03 16:18:50] [9/36] c10_prague_r2_u40 rep 1 (modo rt, intento 3)
[2026-10-03 16:20:24]    NO valida (pacing_invalido tarde=16.30% reanclajes=0)
[2026-10-03 16:20:51] [10/36] c10_prague_r50_u20 rep 2 (modo rt, intento 1)
[2026-10-03 16:22:24]    NO valida (pacing_invalido tarde=20.68% reanclajes=0)
[2026-10-03 16:22:47] [10/36] c10_prague_r50_u20 rep 2 (modo rt, intento 2)
[2026-10-03 16:24:20]    NO valida (pacing_invalido tarde=20.90% reanclajes=0)
[2026-10-03 16:24:44] [10/36] c10_prague_r50_u20 rep 2 (modo rt, intento 3)
[2026-10-03 16:26:17]    NO valida (pacing_invalido tarde=22.40% reanclajes=0)
[2026-10-03 16:26:44] [11/36] c10_prague_r50_u20 rep 3 (modo rt, intento 1)
[2026-10-03 16:28:17]    NO valida (pacing_invalido tarde=22.35% reanclajes=0)
[2026-10-03 16:28:40] [11/36] c10_prague_r50_u20 rep 3 (modo rt, intento 2)
[2026-10-03 16:30:13]    NO valida (pacing_invalido tarde=21.93% reanclajes=0)
[2026-10-03 16:30:37] [11/36] c10_prague_r50_u20 rep 3 (modo rt, intento 3)
[2026-10-03 16:32:10]    NO valida (pacing_invalido tarde=21.07% reanclajes=0)
[2026-10-03 16:32:37] [12/36] c10_prague_r4_u20 rep 1 (modo rt, intento 1)
[2026-10-03 16:34:10]    NO valida (pacing_invalido tarde=16.60% reanclajes=1)
[2026-10-03 16:34:34] [12/36] c10_prague_r4_u20 rep 1 (modo rt, intento 2)
[2026-10-03 16:36:07]    NO valida (pacing_invalido tarde=16.84% reanclajes=0)
[2026-10-03 16:36:30] [12/36] c10_prague_r4_u20 rep 1 (modo rt, intento 3)
[2026-10-03 16:38:04]    NO valida (pacing_invalido tarde=17.36% reanclajes=0)
[2026-10-03 16:38:31] [13/36] c10_prague_r50_u0 rep 3 (modo rt, intento 1)
[2026-10-03 16:40:05]    NO valida (pacing_invalido tarde=22.02% reanclajes=0)
[2026-10-03 16:40:28] [13/36] c10_prague_r50_u0 rep 3 (modo rt, intento 2)
[2026-10-03 16:42:03]    NO valida (pacing_invalido tarde=21.24% reanclajes=0)
[2026-10-03 16:42:26] [13/36] c10_prague_r50_u0 rep 3 (modo rt, intento 3)
[2026-10-03 16:44:01]    NO valida (pacing_invalido tarde=21.14% reanclajes=0)
[2026-10-03 16:44:28] [14/36] c10_cubic_r50 rep 2 (modo rt, intento 1)
[2026-10-03 16:46:02]    NO valida (pacing_invalido tarde=19.50% reanclajes=0)
[2026-10-03 16:46:26] [14/36] c10_cubic_r50 rep 2 (modo rt, intento 2)
[2026-10-03 16:47:59]    NO valida (pacing_invalido tarde=19.09% reanclajes=0)
[2026-10-03 16:48:23] [14/36] c10_cubic_r50 rep 2 (modo rt, intento 3)
[2026-10-03 16:49:58]    NO valida (pacing_invalido tarde=19.86% reanclajes=0)
[2026-10-03 16:50:25] [15/36] c10_prague_r50_u20 rep 1 (modo rt, intento 1)
[2026-10-03 16:51:58]    NO valida (pacing_invalido tarde=22.15% reanclajes=0)
[2026-10-03 16:52:22] [15/36] c10_prague_r50_u20 rep 1 (modo rt, intento 2)
[2026-10-03 16:53:55]    NO valida (pacing_invalido tarde=20.66% reanclajes=0)
[2026-10-03 16:54:19] [15/36] c10_prague_r50_u20 rep 1 (modo rt, intento 3)
[2026-10-03 16:55:52]    NO valida (pacing_invalido tarde=21.68% reanclajes=0)
[2026-10-03 16:56:19] [16/36] c10_prague_r2_u20 rep 3 (modo rt, intento 1)
[2026-10-03 16:57:52]    NO valida (pacing_invalido tarde=17.02% reanclajes=0)
[2026-10-03 16:58:16] [16/36] c10_prague_r2_u20 rep 3 (modo rt, intento 2)
[2026-10-03 16:59:49]    NO valida (pacing_invalido tarde=15.30% reanclajes=1)
[2026-10-03 17:00:13] [16/36] c10_prague_r2_u20 rep 3 (modo rt, intento 3)
[2026-10-03 17:01:47]    NO valida (pacing_invalido tarde=15.05% reanclajes=0)
[2026-10-03 17:02:14] [17/36] c10_prague_r2_u40 rep 3 (modo rt, intento 1)
[2026-10-03 17:03:47]    NO valida (pacing_invalido tarde=14.66% reanclajes=0)
[2026-10-03 17:04:11] [17/36] c10_prague_r2_u40 rep 3 (modo rt, intento 2)
[2026-10-03 17:05:45]    NO valida (pacing_invalido tarde=15.49% reanclajes=0)
[2026-10-03 17:06:08] [17/36] c10_prague_r2_u40 rep 3 (modo rt, intento 3)
[2026-10-03 17:07:42]    NO valida (pacing_invalido tarde=15.05% reanclajes=0)
[2026-10-03 17:08:09] [18/36] c10_prague_r2_u10 rep 3 (modo rt, intento 1)
[2026-10-03 17:09:42]    NO valida (pacing_invalido tarde=15.83% reanclajes=0)
[2026-10-03 17:10:06] [18/36] c10_prague_r2_u10 rep 3 (modo rt, intento 2)
[2026-10-03 17:11:40]    NO valida (pacing_invalido tarde=15.95% reanclajes=0)
[2026-10-03 17:12:03] [18/36] c10_prague_r2_u10 rep 3 (modo rt, intento 3)
[2026-10-03 17:13:37]    NO valida (pacing_invalido tarde=15.19% reanclajes=0)
[2026-10-03 17:14:04] [19/36] c10_prague_r4_u40 rep 1 (modo rt, intento 1)
[2026-10-03 17:15:37]    NO valida (pacing_invalido tarde=16.44% reanclajes=1)
[2026-10-03 17:16:01] [19/36] c10_prague_r4_u40 rep 1 (modo rt, intento 2)
[2026-10-03 17:17:34]    NO valida (pacing_invalido tarde=16.63% reanclajes=0)
[2026-10-03 17:17:58] [19/36] c10_prague_r4_u40 rep 1 (modo rt, intento 3)
[2026-10-03 17:19:32]    NO valida (pacing_invalido tarde=16.22% reanclajes=0)
[2026-10-03 17:19:59] [20/36] c10_cubic_r4 rep 2 (modo rt, intento 1)
[2026-10-03 17:21:38]    NO valida (pacing_invalido tarde=15.72% reanclajes=0)
[2026-10-03 17:22:02] [20/36] c10_cubic_r4 rep 2 (modo rt, intento 2)
[2026-10-03 17:23:40]    NO valida (pacing_invalido tarde=16.24% reanclajes=0)
[2026-10-03 17:24:03] [20/36] c10_cubic_r4 rep 2 (modo rt, intento 3)
[2026-10-03 17:25:42]    NO valida (pacing_invalido tarde=16.19% reanclajes=0)
[2026-10-03 17:26:09] [21/36] c10_cubic_r2 rep 3 (modo rt, intento 1)
[2026-10-03 17:27:49]    NO valida (pacing_invalido tarde=17.42% reanclajes=0)
[2026-10-03 17:28:13] [21/36] c10_cubic_r2 rep 3 (modo rt, intento 2)
[2026-10-03 17:29:59]    NO valida (pacing_invalido tarde=17.48% reanclajes=0)
[2026-10-03 17:30:22] [21/36] c10_cubic_r2 rep 3 (modo rt, intento 3)
[2026-10-03 17:32:07]    NO valida (pacing_invalido tarde=16.10% reanclajes=0)
[2026-10-03 17:32:34] [22/36] c10_cubic_r50 rep 1 (modo rt, intento 1)
[2026-10-03 17:34:09]    NO valida (pacing_invalido tarde=19.32% reanclajes=1)
[2026-10-03 17:34:32] [22/36] c10_cubic_r50 rep 1 (modo rt, intento 2)
[2026-10-03 17:36:07]    NO valida (pacing_invalido tarde=19.38% reanclajes=0)
[2026-10-03 17:36:30] [22/36] c10_cubic_r50 rep 1 (modo rt, intento 3)
[2026-10-03 17:38:05]    NO valida (pacing_invalido tarde=19.59% reanclajes=0)
[2026-10-03 17:38:32] [23/36] c10_prague_r2_u10 rep 2 (modo rt, intento 1)
[2026-10-03 17:40:06]    NO valida (pacing_invalido tarde=15.35% reanclajes=0)
[2026-10-03 17:40:29] [23/36] c10_prague_r2_u10 rep 2 (modo rt, intento 2)
[2026-10-03 17:42:03]    NO valida (pacing_invalido tarde=14.50% reanclajes=0)
[2026-10-03 17:42:27] [23/36] c10_prague_r2_u10 rep 2 (modo rt, intento 3)
[2026-10-03 17:44:00]    NO valida (pacing_invalido tarde=16.87% reanclajes=0)
[2026-10-03 17:44:27] [24/36] c10_prague_r50_u0 rep 1 (modo rt, intento 1)
[2026-10-03 17:46:03]    NO valida (pacing_invalido tarde=21.09% reanclajes=0)
[2026-10-03 17:46:26] [24/36] c10_prague_r50_u0 rep 1 (modo rt, intento 2)
[2026-10-03 17:48:01]    NO valida (pacing_invalido tarde=20.49% reanclajes=0)
[2026-10-03 17:48:24] [24/36] c10_prague_r50_u0 rep 1 (modo rt, intento 3)
[2026-10-03 17:49:59]    NO valida (pacing_invalido tarde=21.34% reanclajes=0)
[2026-10-03 17:50:26] [25/36] c10_prague_r50_u10 rep 1 (modo rt, intento 1)
[2026-10-03 17:52:00]    NO valida (pacing_invalido tarde=21.08% reanclajes=0)
[2026-10-03 17:52:23] [25/36] c10_prague_r50_u10 rep 1 (modo rt, intento 2)
[2026-10-03 17:53:57]    NO valida (pacing_invalido tarde=22.94% reanclajes=0)
[2026-10-03 17:54:20] [25/36] c10_prague_r50_u10 rep 1 (modo rt, intento 3)
[2026-10-03 17:55:54]    NO valida (pacing_invalido tarde=21.61% reanclajes=0)
[2026-10-03 17:56:21] [26/36] c10_cubic_r2 rep 2 (modo rt, intento 1)
[2026-10-03 17:58:06]    NO valida (pacing_invalido tarde=17.71% reanclajes=0)
[2026-10-03 17:58:29] [26/36] c10_cubic_r2 rep 2 (modo rt, intento 2)
[2026-10-03 18:00:15]    NO valida (pacing_invalido tarde=16.75% reanclajes=1)
[2026-10-03 18:00:38] [26/36] c10_cubic_r2 rep 2 (modo rt, intento 3)
[2026-10-03 18:02:24]    NO valida (pacing_invalido tarde=17.38% reanclajes=0)
[2026-10-03 18:02:51] [27/36] c10_cubic_r4 rep 1 (modo rt, intento 1)
[2026-10-03 18:04:29]    NO valida (pacing_invalido tarde=16.18% reanclajes=0)
[2026-10-03 18:04:52] [27/36] c10_cubic_r4 rep 1 (modo rt, intento 2)
[2026-10-03 18:06:31]    NO valida (pacing_invalido tarde=16.23% reanclajes=0)
[2026-10-03 18:06:54] [27/36] c10_cubic_r4 rep 1 (modo rt, intento 3)
[2026-10-03 18:08:33]    NO valida (pacing_invalido tarde=16.02% reanclajes=0)
[2026-10-03 18:09:00] [28/36] c10_prague_r4_u20 rep 3 (modo rt, intento 1)
[2026-10-03 18:10:34]    NO valida (pacing_invalido tarde=16.46% reanclajes=1)
[2026-10-03 18:10:57] [28/36] c10_prague_r4_u20 rep 3 (modo rt, intento 2)
[2026-10-03 18:12:31]    NO valida (pacing_invalido tarde=16.47% reanclajes=0)
[2026-10-03 18:12:54] [28/36] c10_prague_r4_u20 rep 3 (modo rt, intento 3)
[2026-10-03 18:14:29]    NO valida (pacing_invalido tarde=24.37% reanclajes=0)
[2026-10-03 18:14:56] [29/36] c10_prague_r4_u10 rep 1 (modo rt, intento 1)
[2026-10-03 18:16:30]    NO valida (pacing_invalido tarde=16.99% reanclajes=0)
[2026-10-03 18:16:53] [29/36] c10_prague_r4_u10 rep 1 (modo rt, intento 2)
[2026-10-03 18:18:28]    NO valida (pacing_invalido tarde=17.11% reanclajes=0)
[2026-10-03 18:18:51] [29/36] c10_prague_r4_u10 rep 1 (modo rt, intento 3)
[2026-10-03 18:20:25]    NO valida (pacing_invalido tarde=17.43% reanclajes=0)
[2026-10-03 18:20:52] [30/36] c10_cubic_r4 rep 3 (modo rt, intento 1)
[2026-10-03 18:22:32]    NO valida (pacing_invalido tarde=17.30% reanclajes=0)
[2026-10-03 18:22:55] [30/36] c10_cubic_r4 rep 3 (modo rt, intento 2)
[2026-10-03 18:24:34]    NO valida (pacing_invalido tarde=16.70% reanclajes=0)
[2026-10-03 18:24:58] [30/36] c10_cubic_r4 rep 3 (modo rt, intento 3)
[2026-10-03 18:26:36]    NO valida (pacing_invalido tarde=16.40% reanclajes=0)
[2026-10-03 18:27:03] [31/36] c10_cubic_r2 rep 1 (modo rt, intento 1)
[2026-10-03 18:28:43]    NO valida (pacing_invalido tarde=17.42% reanclajes=0)
[2026-10-03 18:29:06] [31/36] c10_cubic_r2 rep 1 (modo rt, intento 2)
[2026-10-03 18:30:47]    NO valida (pacing_invalido tarde=15.72% reanclajes=0)
[2026-10-03 18:31:11] [31/36] c10_cubic_r2 rep 1 (modo rt, intento 3)
[2026-10-03 18:32:50]    NO valida (pacing_invalido tarde=16.27% reanclajes=0)
[2026-10-03 18:33:17] [32/36] c10_prague_r2_u20 rep 2 (modo rt, intento 1)
[2026-10-03 18:34:51]    NO valida (pacing_invalido tarde=15.92% reanclajes=0)
[2026-10-03 18:35:15] [32/36] c10_prague_r2_u20 rep 2 (modo rt, intento 2)
[2026-10-03 18:36:49]    NO valida (pacing_invalido tarde=16.20% reanclajes=0)
[2026-10-03 18:37:12] [32/36] c10_prague_r2_u20 rep 2 (modo rt, intento 3)
[2026-10-03 18:38:47]    NO valida (pacing_invalido tarde=15.44% reanclajes=0)
[2026-10-03 18:39:14] [33/36] c10_prague_r50_u10 rep 2 (modo rt, intento 1)
[2026-10-03 18:40:48]    NO valida (pacing_invalido tarde=22.05% reanclajes=0)
[2026-10-03 18:41:11] [33/36] c10_prague_r50_u10 rep 2 (modo rt, intento 2)
[2026-10-03 18:42:46]    NO valida (pacing_invalido tarde=21.41% reanclajes=0)
[2026-10-03 18:43:09] [33/36] c10_prague_r50_u10 rep 2 (modo rt, intento 3)
[2026-10-03 18:44:43]    NO valida (pacing_invalido tarde=22.22% reanclajes=0)
[2026-10-03 18:45:10] [34/36] c10_prague_r4_u10 rep 2 (modo rt, intento 1)
[2026-10-03 18:46:44]    NO valida (pacing_invalido tarde=16.71% reanclajes=0)
[2026-10-03 18:47:07] [34/36] c10_prague_r4_u10 rep 2 (modo rt, intento 2)
[2026-10-03 18:48:42]    NO valida (pacing_invalido tarde=16.54% reanclajes=0)
[2026-10-03 18:49:05] [34/36] c10_prague_r4_u10 rep 2 (modo rt, intento 3)
[2026-10-03 18:50:39]    NO valida (pacing_invalido tarde=17.43% reanclajes=0)
[2026-10-03 18:51:06] [35/36] c10_prague_r50_u0 rep 2 (modo rt, intento 1)
[2026-10-03 18:52:41]    NO valida (pacing_invalido tarde=21.61% reanclajes=0)
[2026-10-03 18:53:05] [35/36] c10_prague_r50_u0 rep 2 (modo rt, intento 2)
[2026-10-03 18:54:41]    NO valida (pacing_invalido tarde=21.23% reanclajes=0)
[2026-10-03 18:55:04] [35/36] c10_prague_r50_u0 rep 2 (modo rt, intento 3)
[2026-10-03 18:56:41]    NO valida (pacing_invalido tarde=21.24% reanclajes=0)
[2026-10-03 18:57:08] [36/36] c10_prague_r50_u10 rep 3 (modo rt, intento 1)
[2026-10-03 18:58:42]    NO valida (pacing_invalido tarde=20.78% reanclajes=0)
[2026-10-03 18:59:05] [36/36] c10_prague_r50_u10 rep 3 (modo rt, intento 2)
[2026-10-03 19:00:39]    NO valida (pacing_invalido tarde=20.68% reanclajes=0)
[2026-10-03 19:01:03] [36/36] c10_prague_r50_u10 rep 3 (modo rt, intento 3)
[2026-10-03 19:02:37]    NO valida (pacing_invalido tarde=22.33% reanclajes=0)
[2026-10-03 19:02:57] ==== Campaña terminada. Resumen: python3 ./resumen_campana.py /home/alumnos/campanas_oai/fase_cal10 ====
