[2026-09-26 07:50:06] Plan creado: 80 pruebas (reps=10, semilla=1, duracion=60s)
[2026-09-26 07:50:06] ==== Inicio de la campaña fase2_linea_base: 80 pruebas ====
[2026-09-26 07:50:06] Reiniciando la red 5G con RFSIM_REALTIME=1 ...
[2026-09-26 07:51:14] Red operativa (UE 12.1.1.130).
[2026-09-26 07:51:18] [1/80] dl_prague_sinlim_dualpi2upf rep 7 (modo rt, intento 1)
[2026-09-26 07:52:27]    valida
[2026-09-26 07:52:54] [2/80] ul_prague_sinlim_sinaqm rep 5 (modo rt, intento 1)
[2026-09-26 07:54:03]    NO valida (pacing_invalido tarde=0.59% reanclajes=1)
[2026-09-26 07:54:27] [2/80] ul_prague_sinlim_sinaqm rep 5 (modo rt, intento 2)
[2026-09-26 07:55:36]    valida
[2026-09-26 07:56:03] [3/80] ul_cubic_sinlim_sinaqm rep 2 (modo rt, intento 1)
[2026-09-26 07:57:13]    NO valida (pacing_invalido tarde=0.79% reanclajes=1)
[2026-09-26 07:57:36] [3/80] ul_cubic_sinlim_sinaqm rep 2 (modo rt, intento 2)
[2026-09-26 07:58:46]    NO valida (pacing_invalido tarde=0.75% reanclajes=1)
[2026-09-26 07:59:09] [3/80] ul_cubic_sinlim_sinaqm rep 2 (modo rt, intento 3)
[2026-09-26 08:00:18]    NO valida (pacing_invalido tarde=0.65% reanclajes=1)
[2026-09-26 08:00:45] [4/80] ul_prague_sinlim_sinaqm rep 3 (modo rt, intento 1)
[2026-09-26 08:01:55]    NO valida (pacing_invalido tarde=0.55% reanclajes=1)
[2026-09-26 08:02:18] [4/80] ul_prague_sinlim_sinaqm rep 3 (modo rt, intento 2)
[2026-09-26 08:03:27]    NO valida (pacing_invalido tarde=0.53% reanclajes=1)
[2026-09-26 08:03:51] [4/80] ul_prague_sinlim_sinaqm rep 3 (modo rt, intento 3)
[2026-09-26 08:05:00]    NO valida (pacing_invalido tarde=0.55% reanclajes=1)
[2026-09-26 08:05:27] [5/80] ul_prague_sinlim_dualpi2upf rep 5 (modo rt, intento 1)
[2026-09-26 08:06:36]    NO valida (pacing_invalido tarde=0.43% reanclajes=1)
[2026-09-26 08:07:00] [5/80] ul_prague_sinlim_dualpi2upf rep 5 (modo rt, intento 2)
[2026-09-26 08:08:09]    NO valida (pacing_invalido tarde=0.55% reanclajes=1)
[2026-09-26 08:08:33] [5/80] ul_prague_sinlim_dualpi2upf rep 5 (modo rt, intento 3)
[2026-09-26 08:09:42]    NO valida (pacing_invalido tarde=0.55% reanclajes=1)
[2026-09-26 08:10:09] [6/80] dl_cubic_sinlim_sinaqm rep 1 (modo rt, intento 1)
[2026-09-26 08:11:18]    valida
[2026-09-26 08:11:45] [7/80] dl_cubic_sinlim_sinaqm rep 7 (modo rt, intento 1)
[2026-09-26 08:12:54]    valida
[2026-09-26 08:13:21] [8/80] dl_prague_sinlim_dualpi2upf rep 10 (modo rt, intento 1)
[2026-09-26 08:14:30]    valida
[2026-09-26 08:14:57] [9/80] dl_prague_sinlim_sinaqm rep 6 (modo rt, intento 1)
[2026-09-26 08:16:06]    valida
[2026-09-26 08:16:33] [10/80] ul_prague_sinlim_sinaqm rep 8 (modo rt, intento 1)
[2026-09-26 08:17:42]    NO valida (pacing_invalido tarde=0.51% reanclajes=1)
[2026-09-26 08:18:06] [10/80] ul_prague_sinlim_sinaqm rep 8 (modo rt, intento 2)
[2026-09-26 08:19:15]    NO valida (pacing_invalido tarde=0.61% reanclajes=1)
[2026-09-26 08:19:39] [10/80] ul_prague_sinlim_sinaqm rep 8 (modo rt, intento 3)
[2026-09-26 08:20:48]    NO valida (pacing_invalido tarde=0.60% reanclajes=1)
[2026-09-26 08:21:15] [11/80] ul_cubic_sinlim_dualpi2upf rep 1 (modo rt, intento 1)
[2026-09-26 08:22:24]    NO valida (pacing_invalido tarde=0.51% reanclajes=1)
[2026-09-26 08:22:48] [11/80] ul_cubic_sinlim_dualpi2upf rep 1 (modo rt, intento 2)
[2026-09-26 08:23:58]    NO valida (pacing_invalido tarde=0.55% reanclajes=1)
[2026-09-26 08:24:21] [11/80] ul_cubic_sinlim_dualpi2upf rep 1 (modo rt, intento 3)
[2026-09-26 08:25:31]    NO valida (pacing_invalido tarde=0.58% reanclajes=1)
[2026-09-26 08:25:58] [12/80] ul_cubic_sinlim_sinaqm rep 10 (modo rt, intento 1)
[2026-09-26 08:27:07]    NO valida (pacing_invalido tarde=0.55% reanclajes=1)
[2026-09-26 08:27:31] [12/80] ul_cubic_sinlim_sinaqm rep 10 (modo rt, intento 2)
[2026-09-26 08:28:40]    NO valida (pacing_invalido tarde=0.70% reanclajes=1)
[2026-09-26 08:29:03] [12/80] ul_cubic_sinlim_sinaqm rep 10 (modo rt, intento 3)
[2026-09-26 08:30:13]    NO valida (pacing_invalido tarde=0.60% reanclajes=1)
[2026-09-26 08:30:40] [13/80] dl_cubic_sinlim_dualpi2upf rep 9 (modo rt, intento 1)
[2026-09-26 08:31:49]    valida
[2026-09-26 08:32:16] [14/80] dl_cubic_sinlim_dualpi2upf rep 8 (modo rt, intento 1)
[2026-09-26 08:33:25]    valida
[2026-09-26 08:33:52] [15/80] ul_prague_sinlim_dualpi2upf rep 1 (modo rt, intento 1)
[2026-09-26 08:35:02]    NO valida (pacing_invalido tarde=0.60% reanclajes=1)
[2026-09-26 08:35:25] [15/80] ul_prague_sinlim_dualpi2upf rep 1 (modo rt, intento 2)
[2026-09-26 08:36:35]    NO valida (pacing_invalido tarde=0.57% reanclajes=1)
[2026-09-26 08:36:58] [15/80] ul_prague_sinlim_dualpi2upf rep 1 (modo rt, intento 3)
[2026-09-26 08:38:08]    NO valida (pacing_invalido tarde=0.52% reanclajes=1)
[2026-09-26 08:38:35] [16/80] dl_cubic_sinlim_dualpi2upf rep 6 (modo rt, intento 1)
[2026-09-26 08:39:44]    valida
[2026-09-26 08:40:11] [17/80] dl_prague_sinlim_dualpi2upf rep 9 (modo rt, intento 1)
[2026-09-26 08:41:20]    valida
[2026-09-26 08:41:47] [18/80] dl_cubic_sinlim_dualpi2upf rep 7 (modo rt, intento 1)
[2026-09-26 08:42:56]    valida
[2026-09-26 08:43:23] [19/80] ul_cubic_sinlim_dualpi2upf rep 3 (modo rt, intento 1)
[2026-09-26 08:44:33]    NO valida (pacing_invalido tarde=0.49% reanclajes=1)
[2026-09-26 08:44:57] [19/80] ul_cubic_sinlim_dualpi2upf rep 3 (modo rt, intento 2)
[2026-09-26 08:46:06]    NO valida (pacing_invalido tarde=0.57% reanclajes=1)
[2026-09-26 08:46:30] [19/80] ul_cubic_sinlim_dualpi2upf rep 3 (modo rt, intento 3)
[2026-09-26 08:47:39]    NO valida (pacing_invalido tarde=0.64% reanclajes=1)
[2026-09-26 08:48:06] [20/80] dl_prague_sinlim_sinaqm rep 2 (modo rt, intento 1)
[2026-09-26 08:49:15]    valida
[2026-09-26 08:49:42] [21/80] ul_prague_sinlim_dualpi2upf rep 8 (modo rt, intento 1)
[2026-09-26 08:50:52]    NO valida (pacing_invalido tarde=0.57% reanclajes=1)
[2026-09-26 08:51:15] [21/80] ul_prague_sinlim_dualpi2upf rep 8 (modo rt, intento 2)
[2026-09-26 08:52:25]    NO valida (pacing_invalido tarde=0.48% reanclajes=1)
[2026-09-26 08:52:48] [21/80] ul_prague_sinlim_dualpi2upf rep 8 (modo rt, intento 3)
[2026-09-26 08:53:57]    NO valida (pacing_invalido tarde=0.55% reanclajes=1)
[2026-09-26 08:54:25] [22/80] ul_cubic_sinlim_sinaqm rep 7 (modo rt, intento 1)
[2026-09-26 08:55:34]    NO valida (pacing_invalido tarde=0.55% reanclajes=1)
[2026-09-26 08:55:57] [22/80] ul_cubic_sinlim_sinaqm rep 7 (modo rt, intento 2)
[2026-09-26 08:57:07]    NO valida (pacing_invalido tarde=0.49% reanclajes=1)
[2026-09-26 08:57:30] [22/80] ul_cubic_sinlim_sinaqm rep 7 (modo rt, intento 3)
[2026-09-26 08:58:40]    NO valida (pacing_invalido tarde=0.67% reanclajes=1)
[2026-09-26 08:59:07] [23/80] dl_cubic_sinlim_sinaqm rep 9 (modo rt, intento 1)
[2026-09-26 09:00:16]    valida
[2026-09-26 09:00:43] [24/80] ul_cubic_sinlim_sinaqm rep 1 (modo rt, intento 1)
[2026-09-26 09:01:52]    NO valida (pacing_invalido tarde=0.59% reanclajes=1)
[2026-09-26 09:02:16] [24/80] ul_cubic_sinlim_sinaqm rep 1 (modo rt, intento 2)
[2026-09-26 09:03:25]    NO valida (pacing_invalido tarde=0.54% reanclajes=1)
[2026-09-26 09:03:49] [24/80] ul_cubic_sinlim_sinaqm rep 1 (modo rt, intento 3)
[2026-09-26 09:04:58]    NO valida (pacing_invalido tarde=0.51% reanclajes=1)
[2026-09-26 09:05:25] [25/80] ul_prague_sinlim_dualpi2upf rep 3 (modo rt, intento 1)
[2026-09-26 09:06:35]    NO valida (pacing_invalido tarde=0.51% reanclajes=1)
[2026-09-26 09:06:58] [25/80] ul_prague_sinlim_dualpi2upf rep 3 (modo rt, intento 2)
[2026-09-26 09:08:08]    NO valida (pacing_invalido tarde=0.64% reanclajes=1)
[2026-09-26 09:08:31] [25/80] ul_prague_sinlim_dualpi2upf rep 3 (modo rt, intento 3)
[2026-09-26 09:09:41]    NO valida (pacing_invalido tarde=0.72% reanclajes=1)
[2026-09-26 09:10:08] [26/80] dl_prague_sinlim_dualpi2upf rep 8 (modo rt, intento 1)
[2026-09-26 09:11:17]    valida
[2026-09-26 09:11:44] [27/80] ul_prague_sinlim_sinaqm rep 10 (modo rt, intento 1)
[2026-09-26 09:12:53]    NO valida (pacing_invalido tarde=0.59% reanclajes=1)
[2026-09-26 09:13:17] [27/80] ul_prague_sinlim_sinaqm rep 10 (modo rt, intento 2)
[2026-09-26 09:14:27]    valida
[2026-09-26 09:14:54] [28/80] dl_prague_sinlim_dualpi2upf rep 2 (modo rt, intento 1)
[2026-09-26 09:16:03]    valida
[2026-09-26 09:16:30] [29/80] dl_prague_sinlim_sinaqm rep 4 (modo rt, intento 1)
[2026-09-26 09:17:39]    valida
[2026-09-26 09:18:06] [30/80] ul_cubic_sinlim_dualpi2upf rep 7 (modo rt, intento 1)
[2026-09-26 09:19:16]    NO valida (pacing_invalido tarde=0.48% reanclajes=1)
[2026-09-26 09:19:39] [30/80] ul_cubic_sinlim_dualpi2upf rep 7 (modo rt, intento 2)
[2026-09-26 09:20:49]    NO valida (pacing_invalido tarde=0.64% reanclajes=1)
[2026-09-26 09:21:12] [30/80] ul_cubic_sinlim_dualpi2upf rep 7 (modo rt, intento 3)
[2026-09-26 09:22:22]    NO valida (pacing_invalido tarde=0.61% reanclajes=1)
[2026-09-26 09:22:49] [31/80] ul_prague_sinlim_sinaqm rep 6 (modo rt, intento 1)
[2026-09-26 09:23:58]    NO valida (pacing_invalido tarde=0.54% reanclajes=1)
[2026-09-26 09:24:22] [31/80] ul_prague_sinlim_sinaqm rep 6 (modo rt, intento 2)
[2026-09-26 09:25:31]    NO valida (pacing_invalido tarde=0.56% reanclajes=1)
[2026-09-26 09:25:54] [31/80] ul_prague_sinlim_sinaqm rep 6 (modo rt, intento 3)
[2026-09-26 09:27:04]    valida
[2026-09-26 09:27:31] [32/80] dl_cubic_sinlim_dualpi2upf rep 5 (modo rt, intento 1)
[2026-09-26 09:28:40]    valida
[2026-09-26 09:29:07] [33/80] dl_cubic_sinlim_dualpi2upf rep 1 (modo rt, intento 1)
[2026-09-26 09:30:17]    valida
[2026-09-26 09:30:44] [34/80] ul_prague_sinlim_dualpi2upf rep 6 (modo rt, intento 1)
[2026-09-26 09:31:53]    NO valida (pacing_invalido tarde=0.54% reanclajes=1)
[2026-09-26 09:32:17] [34/80] ul_prague_sinlim_dualpi2upf rep 6 (modo rt, intento 2)
[2026-09-26 09:33:26]    NO valida (pacing_invalido tarde=0.58% reanclajes=1)
[2026-09-26 09:33:50] [34/80] ul_prague_sinlim_dualpi2upf rep 6 (modo rt, intento 3)
[2026-09-26 09:34:59]    NO valida (pacing_invalido tarde=0.60% reanclajes=1)
[2026-09-26 09:35:26] [35/80] ul_cubic_sinlim_sinaqm rep 9 (modo rt, intento 1)
[2026-09-26 09:36:36]    NO valida (pacing_invalido tarde=0.50% reanclajes=1)
[2026-09-26 09:36:59] [35/80] ul_cubic_sinlim_sinaqm rep 9 (modo rt, intento 2)
[2026-09-26 09:38:09]    NO valida (pacing_invalido tarde=0.60% reanclajes=1)
[2026-09-26 09:38:32] [35/80] ul_cubic_sinlim_sinaqm rep 9 (modo rt, intento 3)
[2026-09-26 09:39:42]    NO valida (pacing_invalido tarde=0.58% reanclajes=1)
[2026-09-26 09:40:09] [36/80] dl_prague_sinlim_sinaqm rep 10 (modo rt, intento 1)
[2026-09-26 09:41:18]    valida
[2026-09-26 09:41:45] [37/80] ul_cubic_sinlim_dualpi2upf rep 9 (modo rt, intento 1)
[2026-09-26 09:42:54]    NO valida (pacing_invalido tarde=0.60% reanclajes=1)
[2026-09-26 09:43:18] [37/80] ul_cubic_sinlim_dualpi2upf rep 9 (modo rt, intento 2)
[2026-09-26 09:44:28]    NO valida (pacing_invalido tarde=0.51% reanclajes=1)
[2026-09-26 09:44:51] [37/80] ul_cubic_sinlim_dualpi2upf rep 9 (modo rt, intento 3)
[2026-09-26 09:46:01]    NO valida (pacing_invalido tarde=0.60% reanclajes=1)
[2026-09-26 09:46:28] [38/80] dl_cubic_sinlim_sinaqm rep 10 (modo rt, intento 1)
[2026-09-26 09:47:37]    valida
[2026-09-26 09:48:04] [39/80] dl_prague_sinlim_sinaqm rep 3 (modo rt, intento 1)
[2026-09-26 09:49:13]    valida
[2026-09-26 09:49:40] [40/80] dl_cubic_sinlim_dualpi2upf rep 2 (modo rt, intento 1)
[2026-09-26 09:50:49]    valida
[2026-09-26 09:51:16] [41/80] dl_cubic_sinlim_sinaqm rep 6 (modo rt, intento 1)
[2026-09-26 09:52:25]    valida
[2026-09-26 09:52:52] [42/80] dl_cubic_sinlim_sinaqm rep 2 (modo rt, intento 1)
[2026-09-26 09:54:01]    valida
[2026-09-26 09:54:28] [43/80] dl_prague_sinlim_sinaqm rep 9 (modo rt, intento 1)
[2026-09-26 09:55:37]    valida
[2026-09-26 09:56:05] [44/80] ul_cubic_sinlim_dualpi2upf rep 10 (modo rt, intento 1)
[2026-09-26 09:57:14]    NO valida (pacing_invalido tarde=0.52% reanclajes=1)
[2026-09-26 09:57:38] [44/80] ul_cubic_sinlim_dualpi2upf rep 10 (modo rt, intento 2)
[2026-09-26 09:58:47]    NO valida (pacing_invalido tarde=0.56% reanclajes=1)
[2026-09-26 09:59:11] [44/80] ul_cubic_sinlim_dualpi2upf rep 10 (modo rt, intento 3)
[2026-09-26 10:00:21]    NO valida (pacing_invalido tarde=0.69% reanclajes=1)
[2026-09-26 10:00:48] [45/80] dl_cubic_sinlim_sinaqm rep 4 (modo rt, intento 1)
[2026-09-26 10:01:57]    valida
[2026-09-26 10:02:24] [46/80] ul_cubic_sinlim_dualpi2upf rep 4 (modo rt, intento 1)
[2026-09-26 10:03:34]    NO valida (pacing_invalido tarde=0.59% reanclajes=1)
[2026-09-26 10:03:57] [46/80] ul_cubic_sinlim_dualpi2upf rep 4 (modo rt, intento 2)
[2026-09-26 10:05:07]    NO valida (pacing_invalido tarde=0.51% reanclajes=1)
[2026-09-26 10:05:30] [46/80] ul_cubic_sinlim_dualpi2upf rep 4 (modo rt, intento 3)
[2026-09-26 10:06:40]    NO valida (pacing_invalido tarde=0.55% reanclajes=1)
[2026-09-26 10:07:07] [47/80] dl_prague_sinlim_sinaqm rep 8 (modo rt, intento 1)
[2026-09-26 10:08:16]    valida
[2026-09-26 10:08:43] [48/80] ul_cubic_sinlim_sinaqm rep 4 (modo rt, intento 1)
[2026-09-26 10:09:53]    NO valida (pacing_invalido tarde=0.58% reanclajes=1)
[2026-09-26 10:10:16] [48/80] ul_cubic_sinlim_sinaqm rep 4 (modo rt, intento 2)
[2026-09-26 10:11:26]    NO valida (pacing_invalido tarde=0.54% reanclajes=1)
[2026-09-26 10:11:49] [48/80] ul_cubic_sinlim_sinaqm rep 4 (modo rt, intento 3)
[2026-09-26 10:12:59]    NO valida (pacing_invalido tarde=0.59% reanclajes=1)
[2026-09-26 10:13:26] [49/80] ul_prague_sinlim_dualpi2upf rep 4 (modo rt, intento 1)
[2026-09-26 10:14:35]    NO valida (pacing_invalido tarde=0.52% reanclajes=1)
[2026-09-26 10:14:59] [49/80] ul_prague_sinlim_dualpi2upf rep 4 (modo rt, intento 2)
[2026-09-26 10:16:09]    NO valida (pacing_invalido tarde=0.64% reanclajes=1)
[2026-09-26 10:16:32] [49/80] ul_prague_sinlim_dualpi2upf rep 4 (modo rt, intento 3)
[2026-09-26 10:17:41]    NO valida (pacing_invalido tarde=0.67% reanclajes=1)
[2026-09-26 10:18:08] [50/80] dl_prague_sinlim_sinaqm rep 5 (modo rt, intento 1)
[2026-09-26 10:19:18]    valida
[2026-09-26 10:19:45] [51/80] dl_prague_sinlim_dualpi2upf rep 5 (modo rt, intento 1)
[2026-09-26 10:20:54]    valida
[2026-09-26 10:21:21] [52/80] dl_cubic_sinlim_sinaqm rep 5 (modo rt, intento 1)
[2026-09-26 10:22:30]    valida
[2026-09-26 10:22:57] [53/80] ul_prague_sinlim_dualpi2upf rep 2 (modo rt, intento 1)
[2026-09-26 10:24:07]    NO valida (pacing_invalido tarde=0.56% reanclajes=1)
[2026-09-26 10:24:30] [53/80] ul_prague_sinlim_dualpi2upf rep 2 (modo rt, intento 2)
[2026-09-26 10:25:40]    NO valida (pacing_invalido tarde=0.67% reanclajes=1)
[2026-09-26 10:26:04] [53/80] ul_prague_sinlim_dualpi2upf rep 2 (modo rt, intento 3)
[2026-09-26 10:27:13]    NO valida (pacing_invalido tarde=0.53% reanclajes=1)
[2026-09-26 10:27:41] [54/80] ul_cubic_sinlim_dualpi2upf rep 5 (modo rt, intento 1)
[2026-09-26 10:28:50]    NO valida (pacing_invalido tarde=0.68% reanclajes=1)
[2026-09-26 10:29:14] [54/80] ul_cubic_sinlim_dualpi2upf rep 5 (modo rt, intento 2)
[2026-09-26 10:30:23]    NO valida (pacing_invalido tarde=0.58% reanclajes=1)
[2026-09-26 10:30:47] [54/80] ul_cubic_sinlim_dualpi2upf rep 5 (modo rt, intento 3)
[2026-09-26 10:31:57]    NO valida (pacing_invalido tarde=0.49% reanclajes=1)
[2026-09-26 10:32:24] [55/80] dl_prague_sinlim_dualpi2upf rep 6 (modo rt, intento 1)
[2026-09-26 10:33:33]    valida
[2026-09-26 10:34:00] [56/80] ul_prague_sinlim_sinaqm rep 2 (modo rt, intento 1)
[2026-09-26 10:35:10]    NO valida (pacing_invalido tarde=0.65% reanclajes=1)
[2026-09-26 10:35:33] [56/80] ul_prague_sinlim_sinaqm rep 2 (modo rt, intento 2)
[2026-09-26 10:36:43]    NO valida (pacing_invalido tarde=0.54% reanclajes=1)
[2026-09-26 10:37:06] [56/80] ul_prague_sinlim_sinaqm rep 2 (modo rt, intento 3)
[2026-09-26 10:38:16]    NO valida (pacing_invalido tarde=0.59% reanclajes=1)
[2026-09-26 10:38:43] [57/80] dl_prague_sinlim_sinaqm rep 1 (modo rt, intento 1)
[2026-09-26 10:39:53]    valida
[2026-09-26 10:40:20] [58/80] ul_prague_sinlim_sinaqm rep 7 (modo rt, intento 1)
[2026-09-26 10:41:30]    NO valida (pacing_invalido tarde=0.69% reanclajes=1)
[2026-09-26 10:41:53] [58/80] ul_prague_sinlim_sinaqm rep 7 (modo rt, intento 2)
[2026-09-26 10:43:03]    NO valida (pacing_invalido tarde=0.59% reanclajes=1)
[2026-09-26 10:43:26] [58/80] ul_prague_sinlim_sinaqm rep 7 (modo rt, intento 3)
[2026-09-26 10:44:36]    NO valida (pacing_invalido tarde=0.52% reanclajes=1)
[2026-09-26 10:45:03] [59/80] dl_cubic_sinlim_sinaqm rep 8 (modo rt, intento 1)
[2026-09-26 10:46:12]    valida
[2026-09-26 10:46:39] [60/80] ul_cubic_sinlim_sinaqm rep 5 (modo rt, intento 1)
[2026-09-26 10:47:49]    NO valida (pacing_invalido tarde=0.51% reanclajes=1)
[2026-09-26 10:48:12] [60/80] ul_cubic_sinlim_sinaqm rep 5 (modo rt, intento 2)
[2026-09-26 10:49:22]    NO valida (pacing_invalido tarde=0.66% reanclajes=1)
[2026-09-26 10:49:45] [60/80] ul_cubic_sinlim_sinaqm rep 5 (modo rt, intento 3)
[2026-09-26 10:50:55]    NO valida (pacing_invalido tarde=0.56% reanclajes=1)
[2026-09-26 10:51:22] [61/80] ul_cubic_sinlim_dualpi2upf rep 2 (modo rt, intento 1)
[2026-09-26 10:52:32]    NO valida (pacing_invalido tarde=0.56% reanclajes=1)
[2026-09-26 10:52:55] [61/80] ul_cubic_sinlim_dualpi2upf rep 2 (modo rt, intento 2)
[2026-09-26 10:54:05]    NO valida (pacing_invalido tarde=0.50% reanclajes=1)
[2026-09-26 10:54:28] [61/80] ul_cubic_sinlim_dualpi2upf rep 2 (modo rt, intento 3)
[2026-09-26 10:55:38]    NO valida (pacing_invalido tarde=0.61% reanclajes=1)
[2026-09-26 10:56:05] [62/80] ul_prague_sinlim_dualpi2upf rep 7 (modo rt, intento 1)
[2026-09-26 10:57:15]    NO valida (pacing_invalido tarde=0.54% reanclajes=1)
[2026-09-26 10:57:38] [62/80] ul_prague_sinlim_dualpi2upf rep 7 (modo rt, intento 2)
[2026-09-26 10:58:48]    NO valida (pacing_invalido tarde=0.52% reanclajes=1)
[2026-09-26 10:59:11] [62/80] ul_prague_sinlim_dualpi2upf rep 7 (modo rt, intento 3)
[2026-09-26 11:00:21]    NO valida (pacing_invalido tarde=0.69% reanclajes=1)
[2026-09-26 11:00:48] [63/80] dl_cubic_sinlim_dualpi2upf rep 10 (modo rt, intento 1)
[2026-09-26 11:01:58]    valida
[2026-09-26 11:02:25] [64/80] dl_cubic_sinlim_dualpi2upf rep 4 (modo rt, intento 1)
[2026-09-26 11:03:34]    valida
[2026-09-26 11:04:01] [65/80] ul_prague_sinlim_sinaqm rep 1 (modo rt, intento 1)
[2026-09-26 11:05:11]    NO valida (pacing_invalido tarde=0.60% reanclajes=1)
[2026-09-26 11:05:34] [65/80] ul_prague_sinlim_sinaqm rep 1 (modo rt, intento 2)
[2026-09-26 11:06:44]    NO valida (pacing_invalido tarde=0.70% reanclajes=1)
[2026-09-26 11:07:08] [65/80] ul_prague_sinlim_sinaqm rep 1 (modo rt, intento 3)
[2026-09-26 11:08:17]    NO valida (pacing_invalido tarde=0.55% reanclajes=1)
[2026-09-26 11:08:44] [66/80] ul_cubic_sinlim_dualpi2upf rep 6 (modo rt, intento 1)
[2026-09-26 11:09:54]    NO valida (pacing_invalido tarde=0.62% reanclajes=1)
[2026-09-26 11:10:18] [66/80] ul_cubic_sinlim_dualpi2upf rep 6 (modo rt, intento 2)
[2026-09-26 11:11:28]    NO valida (pacing_invalido tarde=0.50% reanclajes=1)
[2026-09-26 11:11:51] [66/80] ul_cubic_sinlim_dualpi2upf rep 6 (modo rt, intento 3)
[2026-09-26 11:13:01]    NO valida (pacing_invalido tarde=0.63% reanclajes=1)
[2026-09-26 11:13:28] [67/80] ul_prague_sinlim_dualpi2upf rep 10 (modo rt, intento 1)
[2026-09-26 11:14:38]    NO valida (pacing_invalido tarde=0.54% reanclajes=1)
[2026-09-26 11:15:01] [67/80] ul_prague_sinlim_dualpi2upf rep 10 (modo rt, intento 2)
[2026-09-26 11:16:11]    NO valida (pacing_invalido tarde=0.64% reanclajes=1)
[2026-09-26 11:16:34] [67/80] ul_prague_sinlim_dualpi2upf rep 10 (modo rt, intento 3)
[2026-09-26 11:17:44]    NO valida (pacing_invalido tarde=0.62% reanclajes=1)
[2026-09-26 11:18:11] [68/80] ul_prague_sinlim_sinaqm rep 4 (modo rt, intento 1)
[2026-09-26 11:19:21]    NO valida (pacing_invalido tarde=0.62% reanclajes=1)
[2026-09-26 11:19:44] [68/80] ul_prague_sinlim_sinaqm rep 4 (modo rt, intento 2)
[2026-09-26 11:20:54]    NO valida (pacing_invalido tarde=0.82% reanclajes=1)
[2026-09-26 11:21:17] [68/80] ul_prague_sinlim_sinaqm rep 4 (modo rt, intento 3)
[2026-09-26 11:22:27]    NO valida (pacing_invalido tarde=0.48% reanclajes=1)
[2026-09-26 11:22:54] [69/80] dl_prague_sinlim_dualpi2upf rep 3 (modo rt, intento 1)
[2026-09-26 11:24:03]    NO valida (pacing_invalido tarde=10.86% reanclajes=0)
[2026-09-26 11:24:27] [69/80] dl_prague_sinlim_dualpi2upf rep 3 (modo rt, intento 2)
[2026-09-26 11:25:36]    NO valida (pacing_invalido tarde=10.84% reanclajes=0)
[2026-09-26 11:26:00] [69/80] dl_prague_sinlim_dualpi2upf rep 3 (modo rt, intento 3)
[2026-09-26 11:27:09]    NO valida (pacing_invalido tarde=5.37% reanclajes=0)
[2026-09-26 11:27:36] [70/80] ul_cubic_sinlim_sinaqm rep 3 (modo rt, intento 1)
[2026-09-26 11:28:46]    NO valida (pacing_invalido tarde=0.49% reanclajes=1)
[2026-09-26 11:29:09] [70/80] ul_cubic_sinlim_sinaqm rep 3 (modo rt, intento 2)
[2026-09-26 11:30:19]    NO valida (pacing_invalido tarde=0.55% reanclajes=1)
[2026-09-26 11:30:43] [70/80] ul_cubic_sinlim_sinaqm rep 3 (modo rt, intento 3)
[2026-09-26 11:31:52]    NO valida (pacing_invalido tarde=0.74% reanclajes=1)
[2026-09-26 11:32:19] [71/80] dl_prague_sinlim_sinaqm rep 7 (modo rt, intento 1)
[2026-09-26 11:33:29]    NO valida (pacing_invalido tarde=6.14% reanclajes=0)
[2026-09-26 11:33:52] [71/80] dl_prague_sinlim_sinaqm rep 7 (modo rt, intento 2)
[2026-09-26 11:35:01]    valida
[2026-09-26 11:35:28] [72/80] ul_prague_sinlim_dualpi2upf rep 9 (modo rt, intento 1)
[2026-09-26 11:36:38]    NO valida (pacing_invalido tarde=0.52% reanclajes=1)
[2026-09-26 11:37:02] [72/80] ul_prague_sinlim_dualpi2upf rep 9 (modo rt, intento 2)
[2026-09-26 11:38:12]    NO valida (pacing_invalido tarde=0.66% reanclajes=1)
[2026-09-26 11:38:35] [72/80] ul_prague_sinlim_dualpi2upf rep 9 (modo rt, intento 3)
[2026-09-26 11:39:45]    NO valida (pacing_invalido tarde=0.51% reanclajes=1)
[2026-09-26 11:40:12] [73/80] dl_prague_sinlim_dualpi2upf rep 1 (modo rt, intento 1)
[2026-09-26 11:41:21]    NO valida (pacing_invalido tarde=5.58% reanclajes=0)
[2026-09-26 11:41:45] [73/80] dl_prague_sinlim_dualpi2upf rep 1 (modo rt, intento 2)
[2026-09-26 11:42:54]    NO valida (pacing_invalido tarde=5.70% reanclajes=0)
[2026-09-26 11:43:17] [73/80] dl_prague_sinlim_dualpi2upf rep 1 (modo rt, intento 3)
[2026-09-26 11:44:27]    valida
[2026-09-26 11:44:54] [74/80] ul_cubic_sinlim_dualpi2upf rep 8 (modo rt, intento 1)
[2026-09-26 11:46:04]    NO valida (pacing_invalido tarde=0.56% reanclajes=1)
[2026-09-26 11:46:27] [74/80] ul_cubic_sinlim_dualpi2upf rep 8 (modo rt, intento 2)
[2026-09-26 11:47:37]    NO valida (pacing_invalido tarde=0.76% reanclajes=1)
[2026-09-26 11:48:00] [74/80] ul_cubic_sinlim_dualpi2upf rep 8 (modo rt, intento 3)
[2026-09-26 11:49:10]    NO valida (pacing_invalido tarde=0.56% reanclajes=1)
[2026-09-26 11:49:37] [75/80] dl_prague_sinlim_dualpi2upf rep 4 (modo rt, intento 1)
[2026-09-26 11:50:47]    valida
[2026-09-26 11:51:14] [76/80] ul_cubic_sinlim_sinaqm rep 6 (modo rt, intento 1)
[2026-09-26 11:52:23]    NO valida (pacing_invalido tarde=0.60% reanclajes=1)
[2026-09-26 11:52:47] [76/80] ul_cubic_sinlim_sinaqm rep 6 (modo rt, intento 2)
[2026-09-26 11:53:56]    NO valida (pacing_invalido tarde=0.52% reanclajes=1)
[2026-09-26 11:54:20] [76/80] ul_cubic_sinlim_sinaqm rep 6 (modo rt, intento 3)
[2026-09-26 11:55:29]    NO valida (pacing_invalido tarde=0.55% reanclajes=1)
[2026-09-26 11:55:56] [77/80] dl_cubic_sinlim_sinaqm rep 3 (modo rt, intento 1)
[2026-09-26 11:57:05]    NO valida (pacing_invalido tarde=6.93% reanclajes=0)
[2026-09-26 11:57:29] [77/80] dl_cubic_sinlim_sinaqm rep 3 (modo rt, intento 2)
[2026-09-26 11:58:38]    valida
[2026-09-26 11:59:05] [78/80] ul_prague_sinlim_sinaqm rep 9 (modo rt, intento 1)
[2026-09-26 12:00:15]    NO valida (pacing_invalido tarde=0.53% reanclajes=1)
[2026-09-26 12:00:38] [78/80] ul_prague_sinlim_sinaqm rep 9 (modo rt, intento 2)
[2026-09-26 12:01:48]    valida
[2026-09-26 12:02:15] [79/80] dl_cubic_sinlim_dualpi2upf rep 3 (modo rt, intento 1)
[2026-09-26 12:03:24]    NO valida (pacing_invalido tarde=18.08% reanclajes=0)
[2026-09-26 12:03:48] [79/80] dl_cubic_sinlim_dualpi2upf rep 3 (modo rt, intento 2)
[2026-09-26 12:04:57]    NO valida (pacing_invalido tarde=46.59% reanclajes=0)
[2026-09-26 12:05:21] [79/80] dl_cubic_sinlim_dualpi2upf rep 3 (modo rt, intento 3)
[2026-09-26 12:06:30]    NO valida (pacing_invalido tarde=5.69% reanclajes=0)
[2026-09-26 12:06:57] [80/80] ul_cubic_sinlim_sinaqm rep 8 (modo rt, intento 1)
[2026-09-26 12:08:07]    NO valida (pacing_invalido tarde=0.59% reanclajes=1)
[2026-09-26 12:08:30] [80/80] ul_cubic_sinlim_sinaqm rep 8 (modo rt, intento 2)
[2026-09-26 12:09:40]    NO valida (pacing_invalido tarde=0.72% reanclajes=1)
[2026-09-26 12:10:04] [80/80] ul_cubic_sinlim_sinaqm rep 8 (modo rt, intento 3)
[2026-09-26 12:11:13]    NO valida (pacing_invalido tarde=0.56% reanclajes=1)
[2026-09-26 12:11:34] ==== Campaña terminada. Resumen: python3 ./resumen_campana.py /home/alumnos/campanas_oai/fase2_linea_base ====
